#! /opt/homebrew/Cellar/icarus-verilog/12.0/bin/vvp
:ivl_version "12.0 (stable)";
:ivl_delay_selection "TYPICAL";
:vpi_time_precision - 12;
:vpi_module "/opt/homebrew/Cellar/icarus-verilog/12.0/lib/ivl/system.vpi";
:vpi_module "/opt/homebrew/Cellar/icarus-verilog/12.0/lib/ivl/vhdl_sys.vpi";
:vpi_module "/opt/homebrew/Cellar/icarus-verilog/12.0/lib/ivl/vhdl_textio.vpi";
:vpi_module "/opt/homebrew/Cellar/icarus-verilog/12.0/lib/ivl/v2005_math.vpi";
:vpi_module "/opt/homebrew/Cellar/icarus-verilog/12.0/lib/ivl/va_math.vpi";
S_0x136904170 .scope module, "func_tb" "func_tb" 2 4;
 .timescale -9 -12;
v0x1369165c0_0 .var "a", 7 0;
v0x136916650_0 .var "b", 7 0;
v0x1369166e0_0 .net "busy", 0 0, v0x136915c10_0;  1 drivers
v0x136916770_0 .var "clk", 0 0;
v0x136916840_0 .net "done", 0 0, v0x136915d40_0;  1 drivers
v0x136916910_0 .var "rst", 0 0;
v0x1369169e0_0 .var "start", 0 0;
v0x136916a70_0 .net "y", 15 0, v0x136916450_0;  1 drivers
E_0x1369042f0 .event anyedge, v0x136915d40_0;
E_0x136904350 .event negedge, v0x136915320_0;
S_0x1369043a0 .scope module, "dut" "func" 2 10, 3 2 0, S_0x136904170;
 .timescale 0 0;
    .port_info 0 /INPUT 1 "clk";
    .port_info 1 /INPUT 1 "rst";
    .port_info 2 /INPUT 1 "start";
    .port_info 3 /INPUT 8 "a";
    .port_info 4 /INPUT 8 "b";
    .port_info 5 /OUTPUT 16 "y";
    .port_info 6 /OUTPUT 1 "done";
    .port_info 7 /OUTPUT 1 "busy";
P_0x136904570 .param/l "ADD" 1 3 17, C4<100>;
P_0x1369045b0 .param/l "DONE" 1 3 18, C4<101>;
P_0x1369045f0 .param/l "IDLE" 1 3 13, C4<000>;
P_0x136904630 .param/l "MUL1" 1 3 14, C4<001>;
P_0x136904670 .param/l "MUL2" 1 3 15, C4<010>;
P_0x1369046b0 .param/l "MUL3" 1 3 16, C4<011>;
P_0x1369046f0 .param/l "W" 0 3 2, +C4<00000000000000000000000000001000>;
L_0x128040010 .functor BUFT 1, C4<00000000>, C4<0>, C4<0>, C4<0>;
v0x1369157d0_0 .net/2u *"_ivl_0", 7 0, L_0x128040010;  1 drivers
v0x136915890_0 .net "a", 7 0, v0x1369165c0_0;  1 drivers
v0x136915930_0 .var "a2_res", 15 0;
v0x1369159c0_0 .var "a3_res", 23 0;
v0x136915a70_0 .var "ab_res", 15 0;
v0x136915b60_0 .net "b", 7 0, v0x136916650_0;  1 drivers
v0x136915c10_0 .var "busy", 0 0;
v0x136915cb0_0 .net "clk", 0 0, v0x136916770_0;  1 drivers
v0x136915d40_0 .var "done", 0 0;
v0x136915e50_0 .net "done_mult", 0 0, v0x136915470_0;  1 drivers
v0x136915f00_0 .net "mult_out", 23 0, v0x1369156b0_0;  1 drivers
v0x136915f90_0 .var "opA", 7 0;
v0x136916020_0 .var "opB", 7 0;
v0x1369160d0_0 .net "rst", 0 0, v0x136916910_0;  1 drivers
v0x136916180_0 .net "start", 0 0, v0x1369169e0_0;  1 drivers
v0x136916210_0 .var "start_mult", 0 0;
v0x1369162c0_0 .var "state", 2 0;
v0x136916450_0 .var "y", 15 0;
L_0x136916b00 .concat [ 8 8 0 0], v0x136915f90_0, L_0x128040010;
S_0x136904ae0 .scope module, "u_mult" "mult" 3 34, 4 2 0, S_0x1369043a0;
 .timescale 0 0;
    .port_info 0 /INPUT 1 "clk";
    .port_info 1 /INPUT 1 "rst";
    .port_info 2 /INPUT 1 "start";
    .port_info 3 /INPUT 16 "a";
    .port_info 4 /INPUT 8 "b";
    .port_info 5 /OUTPUT 24 "y";
    .port_info 6 /OUTPUT 1 "done";
P_0x136904940 .param/l "W1" 0 4 2, +C4<00000000000000000000000000010000>;
P_0x136904980 .param/l "W2" 0 4 2, +C4<00000000000000000000000000001000>;
v0x136904f30_0 .var "A", 15 0;
v0x136914ff0_0 .var "B", 7 0;
v0x136915090_0 .net "a", 15 0, L_0x136916b00;  1 drivers
v0x136915120_0 .var "acc", 23 0;
v0x1369151b0_0 .net "b", 7 0, v0x136916020_0;  1 drivers
v0x136915280_0 .var "busy", 0 0;
v0x136915320_0 .net "clk", 0 0, v0x136916770_0;  alias, 1 drivers
v0x1369153c0_0 .var "count", 3 0;
v0x136915470_0 .var "done", 0 0;
v0x136915580_0 .net "rst", 0 0, v0x136916910_0;  alias, 1 drivers
v0x136915610_0 .net "start", 0 0, v0x136916210_0;  1 drivers
v0x1369156b0_0 .var "y", 23 0;
E_0x136904ed0 .event posedge, v0x136915580_0, v0x136915320_0;
    .scope S_0x136904ae0;
T_0 ;
    %wait E_0x136904ed0;
    %load/vec4 v0x136915580_0;
    %flag_set/vec4 8;
    %jmp/0xz  T_0.0, 8;
    %pushi/vec4 0, 0, 24;
    %assign/vec4 v0x1369156b0_0, 0;
    %pushi/vec4 0, 0, 24;
    %assign/vec4 v0x136915120_0, 0;
    %pushi/vec4 0, 0, 16;
    %assign/vec4 v0x136904f30_0, 0;
    %pushi/vec4 0, 0, 8;
    %assign/vec4 v0x136914ff0_0, 0;
    %pushi/vec4 0, 0, 4;
    %assign/vec4 v0x1369153c0_0, 0;
    %pushi/vec4 0, 0, 1;
    %assign/vec4 v0x136915470_0, 0;
    %pushi/vec4 0, 0, 1;
    %assign/vec4 v0x136915280_0, 0;
    %jmp T_0.1;
T_0.0 ;
    %pushi/vec4 0, 0, 1;
    %assign/vec4 v0x136915470_0, 0;
    %load/vec4 v0x136915610_0;
    %flag_set/vec4 9;
    %flag_get/vec4 9;
    %jmp/0 T_0.4, 9;
    %load/vec4 v0x136915280_0;
    %nor/r;
    %and;
T_0.4;
    %flag_set/vec4 8;
    %jmp/0xz  T_0.2, 8;
    %load/vec4 v0x136915090_0;
    %assign/vec4 v0x136904f30_0, 0;
    %load/vec4 v0x1369151b0_0;
    %assign/vec4 v0x136914ff0_0, 0;
    %pushi/vec4 0, 0, 24;
    %assign/vec4 v0x136915120_0, 0;
    %pushi/vec4 0, 0, 4;
    %assign/vec4 v0x1369153c0_0, 0;
    %pushi/vec4 1, 0, 1;
    %assign/vec4 v0x136915280_0, 0;
    %jmp T_0.3;
T_0.2 ;
    %load/vec4 v0x136915280_0;
    %flag_set/vec4 8;
    %jmp/0xz  T_0.5, 8;
    %load/vec4 v0x136914ff0_0;
    %parti/s 1, 0, 2;
    %flag_set/vec4 8;
    %jmp/0xz  T_0.7, 8;
    %load/vec4 v0x136915120_0;
    %load/vec4 v0x136904f30_0;
    %pad/u 24;
    %add;
    %assign/vec4 v0x136915120_0, 0;
T_0.7 ;
    %load/vec4 v0x136904f30_0;
    %ix/load 4, 1, 0;
    %flag_set/imm 4, 0;
    %shiftl 4;
    %assign/vec4 v0x136904f30_0, 0;
    %load/vec4 v0x136914ff0_0;
    %ix/load 4, 1, 0;
    %flag_set/imm 4, 0;
    %shiftr 4;
    %assign/vec4 v0x136914ff0_0, 0;
    %load/vec4 v0x1369153c0_0;
    %addi 1, 0, 4;
    %assign/vec4 v0x1369153c0_0, 0;
    %load/vec4 v0x1369153c0_0;
    %pad/u 32;
    %cmpi/e 7, 0, 32;
    %jmp/0xz  T_0.9, 4;
    %load/vec4 v0x136915120_0;
    %assign/vec4 v0x1369156b0_0, 0;
    %pushi/vec4 1, 0, 1;
    %assign/vec4 v0x136915470_0, 0;
    %pushi/vec4 0, 0, 1;
    %assign/vec4 v0x136915280_0, 0;
T_0.9 ;
T_0.5 ;
T_0.3 ;
T_0.1 ;
    %jmp T_0;
    .thread T_0;
    .scope S_0x1369043a0;
T_1 ;
    %wait E_0x136904ed0;
    %load/vec4 v0x1369160d0_0;
    %flag_set/vec4 8;
    %jmp/0xz  T_1.0, 8;
    %pushi/vec4 0, 0, 3;
    %assign/vec4 v0x1369162c0_0, 0;
    %pushi/vec4 0, 0, 1;
    %assign/vec4 v0x136915d40_0, 0;
    %pushi/vec4 0, 0, 1;
    %assign/vec4 v0x136915c10_0, 0;
    %pushi/vec4 0, 0, 16;
    %assign/vec4 v0x136916450_0, 0;
    %pushi/vec4 0, 0, 16;
    %assign/vec4 v0x136915a70_0, 0;
    %pushi/vec4 0, 0, 16;
    %assign/vec4 v0x136915930_0, 0;
    %pushi/vec4 0, 0, 24;
    %assign/vec4 v0x1369159c0_0, 0;
    %pushi/vec4 0, 0, 1;
    %assign/vec4 v0x136916210_0, 0;
    %pushi/vec4 0, 0, 8;
    %assign/vec4 v0x136915f90_0, 0;
    %pushi/vec4 0, 0, 8;
    %assign/vec4 v0x136916020_0, 0;
    %jmp T_1.1;
T_1.0 ;
    %pushi/vec4 0, 0, 1;
    %assign/vec4 v0x136916210_0, 0;
    %pushi/vec4 0, 0, 1;
    %assign/vec4 v0x136915d40_0, 0;
    %load/vec4 v0x1369162c0_0;
    %dup/vec4;
    %pushi/vec4 0, 0, 3;
    %cmp/u;
    %jmp/1 T_1.2, 6;
    %dup/vec4;
    %pushi/vec4 1, 0, 3;
    %cmp/u;
    %jmp/1 T_1.3, 6;
    %dup/vec4;
    %pushi/vec4 2, 0, 3;
    %cmp/u;
    %jmp/1 T_1.4, 6;
    %dup/vec4;
    %pushi/vec4 3, 0, 3;
    %cmp/u;
    %jmp/1 T_1.5, 6;
    %dup/vec4;
    %pushi/vec4 4, 0, 3;
    %cmp/u;
    %jmp/1 T_1.6, 6;
    %dup/vec4;
    %pushi/vec4 5, 0, 3;
    %cmp/u;
    %jmp/1 T_1.7, 6;
    %jmp T_1.8;
T_1.2 ;
    %load/vec4 v0x136916180_0;
    %flag_set/vec4 8;
    %jmp/0xz  T_1.9, 8;
    %pushi/vec4 1, 0, 1;
    %assign/vec4 v0x136915c10_0, 0;
    %load/vec4 v0x136915890_0;
    %assign/vec4 v0x136915f90_0, 0;
    %load/vec4 v0x136915b60_0;
    %assign/vec4 v0x136916020_0, 0;
    %pushi/vec4 1, 0, 1;
    %assign/vec4 v0x136916210_0, 0;
    %pushi/vec4 1, 0, 3;
    %assign/vec4 v0x1369162c0_0, 0;
T_1.9 ;
    %jmp T_1.8;
T_1.3 ;
    %load/vec4 v0x136915e50_0;
    %flag_set/vec4 8;
    %jmp/0xz  T_1.11, 8;
    %load/vec4 v0x136915f00_0;
    %parti/s 16, 0, 2;
    %assign/vec4 v0x136915a70_0, 0;
    %load/vec4 v0x136915890_0;
    %assign/vec4 v0x136915f90_0, 0;
    %load/vec4 v0x136915890_0;
    %assign/vec4 v0x136916020_0, 0;
    %pushi/vec4 1, 0, 1;
    %assign/vec4 v0x136916210_0, 0;
    %pushi/vec4 2, 0, 3;
    %assign/vec4 v0x1369162c0_0, 0;
T_1.11 ;
    %jmp T_1.8;
T_1.4 ;
    %load/vec4 v0x136915e50_0;
    %flag_set/vec4 8;
    %jmp/0xz  T_1.13, 8;
    %load/vec4 v0x136915f00_0;
    %parti/s 16, 0, 2;
    %assign/vec4 v0x136915930_0, 0;
    %load/vec4 v0x136915f00_0;
    %parti/s 16, 0, 2;
    %pad/u 8;
    %assign/vec4 v0x136915f90_0, 0;
    %load/vec4 v0x136915890_0;
    %assign/vec4 v0x136916020_0, 0;
    %pushi/vec4 1, 0, 1;
    %assign/vec4 v0x136916210_0, 0;
    %pushi/vec4 3, 0, 3;
    %assign/vec4 v0x1369162c0_0, 0;
T_1.13 ;
    %jmp T_1.8;
T_1.5 ;
    %load/vec4 v0x136915e50_0;
    %flag_set/vec4 8;
    %jmp/0xz  T_1.15, 8;
    %load/vec4 v0x136915f00_0;
    %assign/vec4 v0x1369159c0_0, 0;
    %pushi/vec4 4, 0, 3;
    %assign/vec4 v0x1369162c0_0, 0;
T_1.15 ;
    %jmp T_1.8;
T_1.6 ;
    %load/vec4 v0x136915a70_0;
    %load/vec4 v0x1369159c0_0;
    %parti/s 16, 0, 2;
    %add;
    %assign/vec4 v0x136916450_0, 0;
    %pushi/vec4 5, 0, 3;
    %assign/vec4 v0x1369162c0_0, 0;
    %jmp T_1.8;
T_1.7 ;
    %pushi/vec4 1, 0, 1;
    %assign/vec4 v0x136915d40_0, 0;
    %pushi/vec4 0, 0, 1;
    %assign/vec4 v0x136915c10_0, 0;
    %pushi/vec4 0, 0, 3;
    %assign/vec4 v0x1369162c0_0, 0;
    %jmp T_1.8;
T_1.8 ;
    %pop/vec4 1;
T_1.1 ;
    %jmp T_1;
    .thread T_1;
    .scope S_0x136904170;
T_2 ;
    %vpi_call 2 16 "$dumpfile", "dump.vcd" {0 0 0};
    %vpi_call 2 17 "$dumpvars", 32'sb00000000000000000000000000000000, S_0x136904170 {0 0 0};
    %pushi/vec4 0, 0, 1;
    %store/vec4 v0x136916770_0, 0, 1;
    %pushi/vec4 1, 0, 1;
    %store/vec4 v0x136916910_0, 0, 1;
    %pushi/vec4 0, 0, 1;
    %store/vec4 v0x1369169e0_0, 0, 1;
    %pushi/vec4 0, 0, 8;
    %store/vec4 v0x1369165c0_0, 0, 8;
    %pushi/vec4 0, 0, 8;
    %store/vec4 v0x136916650_0, 0, 8;
    %delay 10000, 0;
    %pushi/vec4 0, 0, 1;
    %store/vec4 v0x136916910_0, 0, 1;
    %wait E_0x136904350;
    %pushi/vec4 3, 0, 8;
    %store/vec4 v0x1369165c0_0, 0, 8;
    %pushi/vec4 4, 0, 8;
    %store/vec4 v0x136916650_0, 0, 8;
    %pushi/vec4 1, 0, 1;
    %store/vec4 v0x1369169e0_0, 0, 1;
    %wait E_0x136904350;
    %pushi/vec4 0, 0, 1;
    %store/vec4 v0x1369169e0_0, 0, 1;
T_2.0 ;
    %load/vec4 v0x136916840_0;
    %cmpi/ne 1, 0, 1;
    %jmp/0xz T_2.1, 6;
    %wait E_0x1369042f0;
    %jmp T_2.0;
T_2.1 ;
    %delay 1000, 0;
    %vpi_call 2 33 "$display", "a=%0d b=%0d y=%0d (\320\276\320\266\320\270\320\264\320\260\320\273\320\276\321\201\321\214 39)", v0x1369165c0_0, v0x136916650_0, v0x136916a70_0 {0 0 0};
    %wait E_0x136904350;
    %pushi/vec4 5, 0, 8;
    %store/vec4 v0x1369165c0_0, 0, 8;
    %pushi/vec4 2, 0, 8;
    %store/vec4 v0x136916650_0, 0, 8;
    %pushi/vec4 1, 0, 1;
    %store/vec4 v0x1369169e0_0, 0, 1;
    %wait E_0x136904350;
    %pushi/vec4 0, 0, 1;
    %store/vec4 v0x1369169e0_0, 0, 1;
T_2.2 ;
    %load/vec4 v0x136916840_0;
    %cmpi/ne 1, 0, 1;
    %jmp/0xz T_2.3, 6;
    %wait E_0x1369042f0;
    %jmp T_2.2;
T_2.3 ;
    %delay 1000, 0;
    %vpi_call 2 43 "$display", "a=%0d b=%0d y=%0d (\320\276\320\266\320\270\320\264\320\260\320\273\320\276\321\201\321\214 135)", v0x1369165c0_0, v0x136916650_0, v0x136916a70_0 {0 0 0};
    %wait E_0x136904350;
    %pushi/vec4 10, 0, 8;
    %store/vec4 v0x1369165c0_0, 0, 8;
    %pushi/vec4 10, 0, 8;
    %store/vec4 v0x136916650_0, 0, 8;
    %pushi/vec4 1, 0, 1;
    %store/vec4 v0x1369169e0_0, 0, 1;
    %wait E_0x136904350;
    %pushi/vec4 0, 0, 1;
    %store/vec4 v0x1369169e0_0, 0, 1;
T_2.4 ;
    %load/vec4 v0x136916840_0;
    %cmpi/ne 1, 0, 1;
    %jmp/0xz T_2.5, 6;
    %wait E_0x1369042f0;
    %jmp T_2.4;
T_2.5 ;
    %delay 1000, 0;
    %vpi_call 2 53 "$display", "a=%0d b=%0d y=%0d (\320\276\320\266\320\270\320\264\320\260\320\273\320\276\321\201\321\214 1100)", v0x1369165c0_0, v0x136916650_0, v0x136916a70_0 {0 0 0};
    %wait E_0x136904350;
    %pushi/vec4 0, 0, 8;
    %store/vec4 v0x1369165c0_0, 0, 8;
    %pushi/vec4 0, 0, 8;
    %store/vec4 v0x136916650_0, 0, 8;
    %pushi/vec4 1, 0, 1;
    %store/vec4 v0x1369169e0_0, 0, 1;
    %wait E_0x136904350;
    %pushi/vec4 0, 0, 1;
    %store/vec4 v0x1369169e0_0, 0, 1;
T_2.6 ;
    %load/vec4 v0x136916840_0;
    %cmpi/ne 1, 0, 1;
    %jmp/0xz T_2.7, 6;
    %wait E_0x1369042f0;
    %jmp T_2.6;
T_2.7 ;
    %delay 1000, 0;
    %vpi_call 2 57 "$display", "a=%0d b=%0d y=%0d (\320\276\320\266\320\270\320\264\320\260\320\273\320\276\321\201\321\214 0)", v0x1369165c0_0, v0x136916650_0, v0x136916a70_0 {0 0 0};
    %wait E_0x136904350;
    %pushi/vec4 1, 0, 8;
    %store/vec4 v0x1369165c0_0, 0, 8;
    %pushi/vec4 5, 0, 8;
    %store/vec4 v0x136916650_0, 0, 8;
    %pushi/vec4 1, 0, 1;
    %store/vec4 v0x1369169e0_0, 0, 1;
    %wait E_0x136904350;
    %pushi/vec4 0, 0, 1;
    %store/vec4 v0x1369169e0_0, 0, 1;
T_2.8 ;
    %load/vec4 v0x136916840_0;
    %cmpi/ne 1, 0, 1;
    %jmp/0xz T_2.9, 6;
    %wait E_0x1369042f0;
    %jmp T_2.8;
T_2.9 ;
    %delay 1000, 0;
    %vpi_call 2 60 "$display", "a=%0d b=%0d y=%0d (\320\276\320\266\320\270\320\264\320\260\320\273\320\276\321\201\321\214 6)", v0x1369165c0_0, v0x136916650_0, v0x136916a70_0 {0 0 0};
    %wait E_0x136904350;
    %pushi/vec4 2, 0, 8;
    %store/vec4 v0x1369165c0_0, 0, 8;
    %pushi/vec4 7, 0, 8;
    %store/vec4 v0x136916650_0, 0, 8;
    %pushi/vec4 1, 0, 1;
    %store/vec4 v0x1369169e0_0, 0, 1;
    %wait E_0x136904350;
    %pushi/vec4 0, 0, 1;
    %store/vec4 v0x1369169e0_0, 0, 1;
T_2.10 ;
    %load/vec4 v0x136916840_0;
    %cmpi/ne 1, 0, 1;
    %jmp/0xz T_2.11, 6;
    %wait E_0x1369042f0;
    %jmp T_2.10;
T_2.11 ;
    %delay 1000, 0;
    %vpi_call 2 63 "$display", "a=%0d b=%0d y=%0d (\320\276\320\266\320\270\320\264\320\260\320\273\320\276\321\201\321\214 22)", v0x1369165c0_0, v0x136916650_0, v0x136916a70_0 {0 0 0};
    %wait E_0x136904350;
    %pushi/vec4 4, 0, 8;
    %store/vec4 v0x1369165c0_0, 0, 8;
    %pushi/vec4 3, 0, 8;
    %store/vec4 v0x136916650_0, 0, 8;
    %pushi/vec4 1, 0, 1;
    %store/vec4 v0x1369169e0_0, 0, 1;
    %wait E_0x136904350;
    %pushi/vec4 0, 0, 1;
    %store/vec4 v0x1369169e0_0, 0, 1;
T_2.12 ;
    %load/vec4 v0x136916840_0;
    %cmpi/ne 1, 0, 1;
    %jmp/0xz T_2.13, 6;
    %wait E_0x1369042f0;
    %jmp T_2.12;
T_2.13 ;
    %delay 1000, 0;
    %vpi_call 2 66 "$display", "a=%0d b=%0d y=%0d (\320\276\320\266\320\270\320\264\320\260\320\273\320\276\321\201\321\214 76)", v0x1369165c0_0, v0x136916650_0, v0x136916a70_0 {0 0 0};
    %wait E_0x136904350;
    %pushi/vec4 8, 0, 8;
    %store/vec4 v0x1369165c0_0, 0, 8;
    %pushi/vec4 1, 0, 8;
    %store/vec4 v0x136916650_0, 0, 8;
    %pushi/vec4 1, 0, 1;
    %store/vec4 v0x1369169e0_0, 0, 1;
    %wait E_0x136904350;
    %pushi/vec4 0, 0, 1;
    %store/vec4 v0x1369169e0_0, 0, 1;
T_2.14 ;
    %load/vec4 v0x136916840_0;
    %cmpi/ne 1, 0, 1;
    %jmp/0xz T_2.15, 6;
    %wait E_0x1369042f0;
    %jmp T_2.14;
T_2.15 ;
    %delay 1000, 0;
    %vpi_call 2 69 "$display", "a=%0d b=%0d y=%0d (\320\276\320\266\320\270\320\264\320\260\320\273\320\276\321\201\321\214 520)", v0x1369165c0_0, v0x136916650_0, v0x136916a70_0 {0 0 0};
    %wait E_0x136904350;
    %pushi/vec4 10, 0, 8;
    %store/vec4 v0x1369165c0_0, 0, 8;
    %pushi/vec4 0, 0, 8;
    %store/vec4 v0x136916650_0, 0, 8;
    %pushi/vec4 1, 0, 1;
    %store/vec4 v0x1369169e0_0, 0, 1;
    %wait E_0x136904350;
    %pushi/vec4 0, 0, 1;
    %store/vec4 v0x1369169e0_0, 0, 1;
T_2.16 ;
    %load/vec4 v0x136916840_0;
    %cmpi/ne 1, 0, 1;
    %jmp/0xz T_2.17, 6;
    %wait E_0x1369042f0;
    %jmp T_2.16;
T_2.17 ;
    %delay 1000, 0;
    %delay 1000, 0;
    %vpi_call 2 72 "$display", "a=%0d b=%0d y=%0d (\320\276\320\266\320\270\320\264\320\260\320\273\320\276\321\201\321\214 1000)", v0x1369165c0_0, v0x136916650_0, v0x136916a70_0 {0 0 0};
    %wait E_0x136904350;
    %pushi/vec4 15, 0, 8;
    %store/vec4 v0x1369165c0_0, 0, 8;
    %pushi/vec4 15, 0, 8;
    %store/vec4 v0x136916650_0, 0, 8;
    %pushi/vec4 1, 0, 1;
    %store/vec4 v0x1369169e0_0, 0, 1;
    %wait E_0x136904350;
    %pushi/vec4 0, 0, 1;
    %store/vec4 v0x1369169e0_0, 0, 1;
T_2.18 ;
    %load/vec4 v0x136916840_0;
    %cmpi/ne 1, 0, 1;
    %jmp/0xz T_2.19, 6;
    %wait E_0x1369042f0;
    %jmp T_2.18;
T_2.19 ;
    %delay 1000, 0;
    %vpi_call 2 75 "$display", "a=%0d b=%0d y=%0d (\320\276\320\266\320\270\320\264\320\260\320\273\320\276\321\201\321\214 3600)", v0x1369165c0_0, v0x136916650_0, v0x136916a70_0 {0 0 0};
    %delay 20000, 0;
    %vpi_call 2 77 "$finish" {0 0 0};
    %end;
    .thread T_2;
    .scope S_0x136904170;
T_3 ;
    %delay 5000, 0;
    %load/vec4 v0x136916770_0;
    %inv;
    %store/vec4 v0x136916770_0, 0, 1;
    %jmp T_3;
    .thread T_3;
# The file index is used to find the file name in the following table.
:file_names 5;
    "N/A";
    "<interactive>";
    "func_tb.v";
    "func.v";
    "mult.v";
