Flow report for fec_saylinx_board_top
Wed Dec 10 17:15:44 2025
Quartus Prime Version 21.1.1 Build 850 06/23/2022 SJ Lite Edition


---------------------
; Table of Contents ;
---------------------
  1. Legal Notice
  2. Flow Summary
  3. Flow Settings
  4. Flow Non-Default Global Settings
  5. Flow Elapsed Time
  6. Flow OS Summary
  7. Flow Log
  8. Flow Messages
  9. Flow Suppressed Messages



----------------
; Legal Notice ;
----------------
Copyright (C) 2022  Intel Corporation. All rights reserved.
Your use of Intel Corporation's design tools, logic functions 
and other software and tools, and any partner logic 
functions, and any output files from any of the foregoing 
(including device programming or simulation files), and any 
associated documentation or information are expressly subject 
to the terms and conditions of the Intel Program License 
Subscription Agreement, the Intel Quartus Prime License Agreement,
the Intel FPGA IP License Agreement, or other applicable license
agreement, including, without limitation, that your use is for
the sole purpose of programming logic devices manufactured by
Intel and sold by Intel or its authorized distributors.  Please
refer to the applicable agreement for further details, at
https://fpgasoftware.intel.com/eula.



+----------------------------------------------------------------------------------+
; Flow Summary                                                                     ;
+------------------------------------+---------------------------------------------+
; Flow Status                        ; Successful - Wed Dec 10 17:15:44 2025       ;
; Quartus Prime Version              ; 21.1.1 Build 850 06/23/2022 SJ Lite Edition ;
; Revision Name                      ; fec_saylinx_board_top                       ;
; Top-level Entity Name              ; fec_saylinx_board_top                       ;
; Family                             ; Cyclone IV E                                ;
; Device                             ; EP4CE6F17C8                                 ;
; Timing Models                      ; Final                                       ;
; Total logic elements               ; 862 / 6,272 ( 14 % )                        ;
;     Total combinational functions  ; 852 / 6,272 ( 14 % )                        ;
;     Dedicated logic registers      ; 448 / 6,272 ( 7 % )                         ;
; Total registers                    ; 448                                         ;
; Total pins                         ; 93 / 180 ( 52 % )                           ;
; Total virtual pins                 ; 0                                           ;
; Total memory bits                  ; 0 / 276,480 ( 0 % )                         ;
; Embedded Multiplier 9-bit elements ; 2 / 30 ( 7 % )                              ;
; Total PLLs                         ; 0 / 2 ( 0 % )                               ;
+------------------------------------+---------------------------------------------+


+-------------------------------------------+
; Flow Settings                             ;
+-------------------+-----------------------+
; Option            ; Setting               ;
+-------------------+-----------------------+
; Start date & time ; 12/10/2025 17:15:14   ;
; Main task         ; Compilation           ;
; Revision Name     ; fec_saylinx_board_top ;
+-------------------+-----------------------+


+---------------------------------------------------------------------------------------------------------------------------------------------------+
; Flow Non-Default Global Settings                                                                                                                  ;
+----------------------------------------+----------------------------------------+---------------+-------------+-----------------------------------+
; Assignment Name                        ; Value                                  ; Default Value ; Entity Name ; Section Id                        ;
+----------------------------------------+----------------------------------------+---------------+-------------+-----------------------------------+
; COMPILER_SIGNATURE_ID                  ; 104192533586049.176537611416432        ; --            ; --          ; --                                ;
; EDA_DESIGN_INSTANCE_NAME               ; NA                                     ; --            ; --          ; bist_demo_tb                      ;
; EDA_DESIGN_INSTANCE_NAME               ; NA                                     ; --            ; --          ; fec_saylinx_board_top_tb          ;
; EDA_GENERATE_FUNCTIONAL_NETLIST        ; Off                                    ; --            ; --          ; eda_board_design_timing           ;
; EDA_GENERATE_FUNCTIONAL_NETLIST        ; Off                                    ; --            ; --          ; eda_board_design_boundary_scan    ;
; EDA_GENERATE_FUNCTIONAL_NETLIST        ; Off                                    ; --            ; --          ; eda_board_design_signal_integrity ;
; EDA_GENERATE_FUNCTIONAL_NETLIST        ; Off                                    ; --            ; --          ; eda_board_design_symbol           ;
; EDA_NATIVELINK_SIMULATION_SETUP_SCRIPT ; bist_demo.do                           ; --            ; --          ; eda_simulation                    ;
; EDA_NATIVELINK_SIMULATION_TEST_BENCH   ; bist_demo_tb                           ; --            ; --          ; eda_simulation                    ;
; EDA_OUTPUT_DATA_FORMAT                 ; Verilog Hdl                            ; --            ; --          ; eda_simulation                    ;
; EDA_SIMULATION_TOOL                    ; Questa Intel FPGA (Verilog)            ; <None>        ; --          ; --                                ;
; EDA_TEST_BENCH_ENABLE_STATUS           ; TEST_BENCH_MODE                        ; --            ; --          ; eda_simulation                    ;
; EDA_TEST_BENCH_FILE                    ; bist_demo_tb.v                         ; --            ; --          ; bist_demo_tb                      ;
; EDA_TEST_BENCH_FILE                    ; fec_saylinx_board_top_tb.v             ; --            ; --          ; fec_saylinx_board_top_tb          ;
; EDA_TEST_BENCH_MODULE_NAME             ; bist_demo_tb                           ; --            ; --          ; bist_demo_tb                      ;
; EDA_TEST_BENCH_MODULE_NAME             ; fec_saylinx_board_top_tb               ; --            ; --          ; fec_saylinx_board_top_tb          ;
; EDA_TEST_BENCH_NAME                    ; fec_saylinx_board_top_tb               ; --            ; --          ; eda_simulation                    ;
; EDA_TEST_BENCH_NAME                    ; bist_demo_tb                           ; --            ; --          ; eda_simulation                    ;
; EDA_TIME_SCALE                         ; 1 ps                                   ; --            ; --          ; eda_simulation                    ;
; MAX_CORE_JUNCTION_TEMP                 ; 85                                     ; --            ; --          ; --                                ;
; MIN_CORE_JUNCTION_TEMP                 ; 0                                      ; --            ; --          ; --                                ;
; NUM_PARALLEL_PROCESSORS                ; All                                    ; --            ; --          ; --                                ;
; PARTITION_COLOR                        ; -- (Not supported for targeted family) ; --            ; --          ; Top                               ;
; PARTITION_FITTER_PRESERVATION_LEVEL    ; -- (Not supported for targeted family) ; --            ; --          ; Top                               ;
; PARTITION_NETLIST_TYPE                 ; -- (Not supported for targeted family) ; --            ; --          ; Top                               ;
; POWER_BOARD_THERMAL_MODEL              ; None (CONSERVATIVE)                    ; --            ; --          ; --                                ;
; POWER_PRESET_COOLING_SOLUTION          ; 23 MM HEAT SINK WITH 200 LFPM AIRFLOW  ; --            ; --          ; --                                ;
; PROJECT_OUTPUT_DIRECTORY               ; output_files                           ; --            ; --          ; --                                ;
+----------------------------------------+----------------------------------------+---------------+-------------+-----------------------------------+


+--------------------------------------------------------------------------------------------------------------------------+
; Flow Elapsed Time                                                                                                        ;
+----------------------+--------------+-------------------------+---------------------+------------------------------------+
; Module Name          ; Elapsed Time ; Average Processors Used ; Peak Virtual Memory ; Total CPU Time (on all processors) ;
+----------------------+--------------+-------------------------+---------------------+------------------------------------+
; Analysis & Synthesis ; 00:00:13     ; 1.0                     ; 4880 MB             ; 00:00:31                           ;
; Fitter               ; 00:00:08     ; 1.3                     ; 6517 MB             ; 00:00:10                           ;
; Assembler            ; 00:00:01     ; 1.0                     ; 4747 MB             ; 00:00:01                           ;
; Timing Analyzer      ; 00:00:03     ; 1.3                     ; 4943 MB             ; 00:00:03                           ;
; EDA Netlist Writer   ; 00:00:01     ; 1.0                     ; 4673 MB             ; 00:00:01                           ;
; Total                ; 00:00:26     ; --                      ; --                  ; 00:00:46                           ;
+----------------------+--------------+-------------------------+---------------------+------------------------------------+


+------------------------------------------------------------------------------------+
; Flow OS Summary                                                                    ;
+----------------------+------------------+------------+------------+----------------+
; Module Name          ; Machine Hostname ; OS Name    ; OS Version ; Processor type ;
+----------------------+------------------+------------+------------+----------------+
; Analysis & Synthesis ; goga             ; Windows 10 ; 10.0       ; x86_64         ;
; Fitter               ; goga             ; Windows 10 ; 10.0       ; x86_64         ;
; Assembler            ; goga             ; Windows 10 ; 10.0       ; x86_64         ;
; Timing Analyzer      ; goga             ; Windows 10 ; 10.0       ; x86_64         ;
; EDA Netlist Writer   ; goga             ; Windows 10 ; 10.0       ; x86_64         ;
+----------------------+------------------+------------+------------+----------------+


------------
; Flow Log ;
------------
quartus_map --read_settings_files=on --write_settings_files=off fec_saylinx_board_top -c fec_saylinx_board_top
quartus_fit --read_settings_files=off --write_settings_files=off fec_saylinx_board_top -c fec_saylinx_board_top
quartus_asm --read_settings_files=off --write_settings_files=off fec_saylinx_board_top -c fec_saylinx_board_top
quartus_sta fec_saylinx_board_top -c fec_saylinx_board_top
quartus_eda --read_settings_files=off --write_settings_files=off fec_saylinx_board_top -c fec_saylinx_board_top



