Analysis & Synthesis report for fec_saylinx_board_top
Wed Dec 10 17:15:26 2025
Quartus Prime Version 21.1.1 Build 850 06/23/2022 SJ Lite Edition


---------------------
; Table of Contents ;
---------------------
  1. Legal Notice
  2. Analysis & Synthesis Summary
  3. Analysis & Synthesis Settings
  4. Parallel Compilation
  5. Analysis & Synthesis Source Files Read
  6. Analysis & Synthesis Resource Usage Summary
  7. Analysis & Synthesis Resource Utilization by Entity
  8. Analysis & Synthesis DSP Block Usage Summary
  9. State Machine - |fec_saylinx_board_top|display_mode
 10. State Machine - |fec_saylinx_board_top|morr_l2:calc_unit|state
 11. State Machine - |fec_saylinx_board_top|morr_l2:calc_unit|root3:root3_inst|phase
 12. State Machine - |fec_saylinx_board_top|morr_l2:calc_unit|root3:root3_inst|state
 13. State Machine - |fec_saylinx_board_top|bist_wrapper:bist_inst|bist_ctrl:bist_ctrl_inst|state
 14. Registers Removed During Synthesis
 15. Removed Registers Triggering Further Register Optimizations
 16. General Register Statistics
 17. Inverted Register Statistics
 18. Multiplexer Restructuring Statistics (Restructuring Performed)
 19. Parameter Settings for User Entity Instance: Top-level Entity: |fec_saylinx_board_top
 20. Parameter Settings for User Entity Instance: bist_wrapper:bist_inst
 21. Parameter Settings for User Entity Instance: bist_wrapper:bist_inst|debounce:debounce_inst
 22. Parameter Settings for User Entity Instance: bist_wrapper:bist_inst|bist_ctrl:bist_ctrl_inst
 23. Parameter Settings for User Entity Instance: bist_wrapper:bist_inst|lfsr8:lfsr1_inst
 24. Parameter Settings for User Entity Instance: bist_wrapper:bist_inst|lfsr8:lfsr2_inst
 25. Parameter Settings for User Entity Instance: bist_wrapper:bist_inst|crc8:crc8_inst
 26. Parameter Settings for User Entity Instance: morr_l2:calc_unit|root3:root3_inst
 27. Parameter Settings for User Entity Instance: morr_l2:calc_unit|mult:mult_inst
 28. Parameter Settings for Inferred Entity Instance: morr_l2:calc_unit|root3:root3_inst|lpm_mult:Mult0
 29. lpm_mult Parameter Settings by Entity Instance
 30. Port Connectivity Checks: "morr_l2:calc_unit|mult:mult_inst"
 31. Port Connectivity Checks: "morr_l2:calc_unit|root3:root3_inst"
 32. Port Connectivity Checks: "bist_wrapper:bist_inst|crc8:crc8_inst"
 33. Port Connectivity Checks: "bist_wrapper:bist_inst|debounce:debounce_inst"
 34. Port Connectivity Checks: "bist_wrapper:bist_inst"
 35. Post-Synthesis Netlist Statistics for Top Partition
 36. Elapsed Time Per Partition
 37. Analysis & Synthesis Messages
 38. Analysis & Synthesis Suppressed Messages



----------------
; Legal Notice ;
----------------
Copyright (C) 2022  Intel Corporation. All rights reserved.
Your use of Intel Corporation's design tools, logic functions 
and other software and tools, and any partner logic 
functions, and any output files from any of the foregoing 
(including device programming or simulation files), and any 
associated documentation or information are expressly subject 
to the terms and conditions of the Intel Program License 
Subscription Agreement, the Intel Quartus Prime License Agreement,
the Intel FPGA IP License Agreement, or other applicable license
agreement, including, without limitation, that your use is for
the sole purpose of programming logic devices manufactured by
Intel and sold by Intel or its authorized distributors.  Please
refer to the applicable agreement for further details, at
https://fpgasoftware.intel.com/eula.



+----------------------------------------------------------------------------------+
; Analysis & Synthesis Summary                                                     ;
+------------------------------------+---------------------------------------------+
; Analysis & Synthesis Status        ; Successful - Wed Dec 10 17:15:26 2025       ;
; Quartus Prime Version              ; 21.1.1 Build 850 06/23/2022 SJ Lite Edition ;
; Revision Name                      ; fec_saylinx_board_top                       ;
; Top-level Entity Name              ; fec_saylinx_board_top                       ;
; Family                             ; Cyclone IV E                                ;
; Total logic elements               ; 906                                         ;
;     Total combinational functions  ; 852                                         ;
;     Dedicated logic registers      ; 469                                         ;
; Total registers                    ; 469                                         ;
; Total pins                         ; 93                                          ;
; Total virtual pins                 ; 0                                           ;
; Total memory bits                  ; 0                                           ;
; Embedded Multiplier 9-bit elements ; 2                                           ;
; Total PLLs                         ; 0                                           ;
+------------------------------------+---------------------------------------------+


+------------------------------------------------------------------------------------------------------------------+
; Analysis & Synthesis Settings                                                                                    ;
+------------------------------------------------------------------+-----------------------+-----------------------+
; Option                                                           ; Setting               ; Default Value         ;
+------------------------------------------------------------------+-----------------------+-----------------------+
; Device                                                           ; EP4CE6F17C8           ;                       ;
; Top-level entity name                                            ; fec_saylinx_board_top ; fec_saylinx_board_top ;
; Family name                                                      ; Cyclone IV E          ; Cyclone V             ;
; Maximum processors allowed for parallel compilation              ; All                   ;                       ;
; Use smart compilation                                            ; Off                   ; Off                   ;
; Enable parallel Assembler and Timing Analyzer during compilation ; On                    ; On                    ;
; Enable compact report table                                      ; Off                   ; Off                   ;
; Restructure Multiplexers                                         ; Auto                  ; Auto                  ;
; Create Debugging Nodes for IP Cores                              ; Off                   ; Off                   ;
; Preserve fewer node names                                        ; On                    ; On                    ;
; Intel FPGA IP Evaluation Mode                                    ; Enable                ; Enable                ;
; Verilog Version                                                  ; Verilog_2001          ; Verilog_2001          ;
; VHDL Version                                                     ; VHDL_1993             ; VHDL_1993             ;
; State Machine Processing                                         ; Auto                  ; Auto                  ;
; Safe State Machine                                               ; Off                   ; Off                   ;
; Extract Verilog State Machines                                   ; On                    ; On                    ;
; Extract VHDL State Machines                                      ; On                    ; On                    ;
; Ignore Verilog initial constructs                                ; Off                   ; Off                   ;
; Iteration limit for constant Verilog loops                       ; 5000                  ; 5000                  ;
; Iteration limit for non-constant Verilog loops                   ; 250                   ; 250                   ;
; Add Pass-Through Logic to Inferred RAMs                          ; On                    ; On                    ;
; Infer RAMs from Raw Logic                                        ; On                    ; On                    ;
; Parallel Synthesis                                               ; On                    ; On                    ;
; DSP Block Balancing                                              ; Auto                  ; Auto                  ;
; NOT Gate Push-Back                                               ; On                    ; On                    ;
; Power-Up Don't Care                                              ; On                    ; On                    ;
; Remove Redundant Logic Cells                                     ; Off                   ; Off                   ;
; Remove Duplicate Registers                                       ; On                    ; On                    ;
; Ignore CARRY Buffers                                             ; Off                   ; Off                   ;
; Ignore CASCADE Buffers                                           ; Off                   ; Off                   ;
; Ignore GLOBAL Buffers                                            ; Off                   ; Off                   ;
; Ignore ROW GLOBAL Buffers                                        ; Off                   ; Off                   ;
; Ignore LCELL Buffers                                             ; Off                   ; Off                   ;
; Ignore SOFT Buffers                                              ; On                    ; On                    ;
; Limit AHDL Integers to 32 Bits                                   ; Off                   ; Off                   ;
; Optimization Technique                                           ; Balanced              ; Balanced              ;
; Carry Chain Length                                               ; 70                    ; 70                    ;
; Auto Carry Chains                                                ; On                    ; On                    ;
; Auto Open-Drain Pins                                             ; On                    ; On                    ;
; Perform WYSIWYG Primitive Resynthesis                            ; Off                   ; Off                   ;
; Auto ROM Replacement                                             ; On                    ; On                    ;
; Auto RAM Replacement                                             ; On                    ; On                    ;
; Auto DSP Block Replacement                                       ; On                    ; On                    ;
; Auto Shift Register Replacement                                  ; Auto                  ; Auto                  ;
; Allow Shift Register Merging across Hierarchies                  ; Auto                  ; Auto                  ;
; Auto Clock Enable Replacement                                    ; On                    ; On                    ;
; Strict RAM Replacement                                           ; Off                   ; Off                   ;
; Allow Synchronous Control Signals                                ; On                    ; On                    ;
; Force Use of Synchronous Clear Signals                           ; Off                   ; Off                   ;
; Auto RAM Block Balancing                                         ; On                    ; On                    ;
; Auto RAM to Logic Cell Conversion                                ; Off                   ; Off                   ;
; Auto Resource Sharing                                            ; Off                   ; Off                   ;
; Allow Any RAM Size For Recognition                               ; Off                   ; Off                   ;
; Allow Any ROM Size For Recognition                               ; Off                   ; Off                   ;
; Allow Any Shift Register Size For Recognition                    ; Off                   ; Off                   ;
; Use LogicLock Constraints during Resource Balancing              ; On                    ; On                    ;
; Ignore translate_off and synthesis_off directives                ; Off                   ; Off                   ;
; Timing-Driven Synthesis                                          ; On                    ; On                    ;
; Report Parameter Settings                                        ; On                    ; On                    ;
; Report Source Assignments                                        ; On                    ; On                    ;
; Report Connectivity Checks                                       ; On                    ; On                    ;
; Ignore Maximum Fan-Out Assignments                               ; Off                   ; Off                   ;
; Synchronization Register Chain Length                            ; 2                     ; 2                     ;
; Power Optimization During Synthesis                              ; Normal compilation    ; Normal compilation    ;
; HDL message level                                                ; Level2                ; Level2                ;
; Suppress Register Optimization Related Messages                  ; Off                   ; Off                   ;
; Number of Removed Registers Reported in Synthesis Report         ; 5000                  ; 5000                  ;
; Number of Swept Nodes Reported in Synthesis Report               ; 5000                  ; 5000                  ;
; Number of Inverted Registers Reported in Synthesis Report        ; 100                   ; 100                   ;
; Clock MUX Protection                                             ; On                    ; On                    ;
; Auto Gated Clock Conversion                                      ; Off                   ; Off                   ;
; Block Design Naming                                              ; Auto                  ; Auto                  ;
; SDC constraint protection                                        ; Off                   ; Off                   ;
; Synthesis Effort                                                 ; Auto                  ; Auto                  ;
; Shift Register Replacement - Allow Asynchronous Clear Signal     ; On                    ; On                    ;
; Pre-Mapping Resynthesis Optimization                             ; Off                   ; Off                   ;
; Analysis & Synthesis Message Level                               ; Medium                ; Medium                ;
; Disable Register Merging Across Hierarchies                      ; Auto                  ; Auto                  ;
; Resource Aware Inference For Block RAM                           ; On                    ; On                    ;
+------------------------------------------------------------------+-----------------------+-----------------------+


+------------------------------------------+
; Parallel Compilation                     ;
+----------------------------+-------------+
; Processors                 ; Number      ;
+----------------------------+-------------+
; Number detected on machine ; 16          ;
; Maximum allowed            ; 16          ;
;                            ;             ;
; Average used               ; 1.01        ;
; Maximum used               ; 16          ;
;                            ;             ;
; Usage by Processor         ; % Time Used ;
;     Processor 1            ; 100.0%      ;
;     Processor 2            ;   0.1%      ;
;     Processor 3            ;   0.0%      ;
;     Processor 4            ;   0.0%      ;
;     Processor 5            ;   0.0%      ;
;     Processors 6-16        ;   0.0%      ;
+----------------------------+-------------+


+----------------------------------------------------------------------------------------------------------------------------------------------------------------------+
; Analysis & Synthesis Source Files Read                                                                                                                               ;
+----------------------------------+-----------------+------------------------------+------------------------------------------------------------------------+---------+
; File Name with User-Entered Path ; Used in Netlist ; File Type                    ; File Name with Absolute Path                                           ; Library ;
+----------------------------------+-----------------+------------------------------+------------------------------------------------------------------------+---------+
; fec_saylinx_board_top.v          ; yes             ; User Verilog HDL File        ; C:/Schema/lab3/fec_saylinx_board_top.v                                 ;         ;
; morr_l2.v                        ; yes             ; User Verilog HDL File        ; C:/Schema/lab3/morr_l2.v                                               ;         ;
; root3.v                          ; yes             ; User Verilog HDL File        ; C:/Schema/lab3/root3.v                                                 ;         ;
; mult.v                           ; yes             ; User Verilog HDL File        ; C:/Schema/lab3/mult.v                                                  ;         ;
; seg_display_ctrl.v               ; yes             ; User Verilog HDL File        ; C:/Schema/lab3/seg_display_ctrl.v                                      ;         ;
; hex_to_7seg.v                    ; yes             ; User Verilog HDL File        ; C:/Schema/lab3/hex_to_7seg.v                                           ;         ;
; lfsr8.v                          ; yes             ; User Verilog HDL File        ; C:/Schema/lab3/lfsr8.v                                                 ;         ;
; crc8.v                           ; yes             ; User Verilog HDL File        ; C:/Schema/lab3/crc8.v                                                  ;         ;
; debounce.v                       ; yes             ; User Verilog HDL File        ; C:/Schema/lab3/debounce.v                                              ;         ;
; bist_ctrl.v                      ; yes             ; User Verilog HDL File        ; C:/Schema/lab3/bist_ctrl.v                                             ;         ;
; bist_wrapper.v                   ; yes             ; User Verilog HDL File        ; C:/Schema/lab3/bist_wrapper.v                                          ;         ;
; lpm_mult.tdf                     ; yes             ; Megafunction                 ; c:/intelfpga_lite/21.1/quartus/libraries/megafunctions/lpm_mult.tdf    ;         ;
; aglobal211.inc                   ; yes             ; Megafunction                 ; c:/intelfpga_lite/21.1/quartus/libraries/megafunctions/aglobal211.inc  ;         ;
; lpm_add_sub.inc                  ; yes             ; Megafunction                 ; c:/intelfpga_lite/21.1/quartus/libraries/megafunctions/lpm_add_sub.inc ;         ;
; multcore.inc                     ; yes             ; Megafunction                 ; c:/intelfpga_lite/21.1/quartus/libraries/megafunctions/multcore.inc    ;         ;
; bypassff.inc                     ; yes             ; Megafunction                 ; c:/intelfpga_lite/21.1/quartus/libraries/megafunctions/bypassff.inc    ;         ;
; altshift.inc                     ; yes             ; Megafunction                 ; c:/intelfpga_lite/21.1/quartus/libraries/megafunctions/altshift.inc    ;         ;
; db/mult_vct.tdf                  ; yes             ; Auto-Generated Megafunction  ; C:/Schema/lab3/db/mult_vct.tdf                                         ;         ;
+----------------------------------+-----------------+------------------------------+------------------------------------------------------------------------+---------+


+---------------------------------------------------------+
; Analysis & Synthesis Resource Usage Summary             ;
+---------------------------------------------+-----------+
; Resource                                    ; Usage     ;
+---------------------------------------------+-----------+
; Estimated Total logic elements              ; 906       ;
;                                             ;           ;
; Total combinational functions               ; 852       ;
; Logic element usage by number of LUT inputs ;           ;
;     -- 4 input functions                    ; 282       ;
;     -- 3 input functions                    ; 247       ;
;     -- <=2 input functions                  ; 323       ;
;                                             ;           ;
; Logic elements by mode                      ;           ;
;     -- normal mode                          ; 547       ;
;     -- arithmetic mode                      ; 305       ;
;                                             ;           ;
; Total registers                             ; 469       ;
;     -- Dedicated logic registers            ; 469       ;
;     -- I/O registers                        ; 0         ;
;                                             ;           ;
; I/O pins                                    ; 93        ;
;                                             ;           ;
; Embedded Multiplier 9-bit elements          ; 2         ;
;                                             ;           ;
; Maximum fan-out node                        ; CLK~input ;
; Maximum fan-out                             ; 469       ;
; Total fan-out                               ; 4599      ;
; Average fan-out                             ; 3.05      ;
+---------------------------------------------+-----------+


+------------------------------------------------------------------------------------------------------------------------------------------------------------------------------------------------------------------------------------------------------------------------------------------------------------+
; Analysis & Synthesis Resource Utilization by Entity                                                                                                                                                                                                                                                        ;
+---------------------------------------+---------------------+---------------------------+-------------+--------------+---------+-----------+------+--------------+--------------------------------------------------------------------------------------------------+-----------------------+--------------+
; Compilation Hierarchy Node            ; Combinational ALUTs ; Dedicated Logic Registers ; Memory Bits ; DSP Elements ; DSP 9x9 ; DSP 18x18 ; Pins ; Virtual Pins ; Full Hierarchy Name                                                                              ; Entity Name           ; Library Name ;
+---------------------------------------+---------------------+---------------------------+-------------+--------------+---------+-----------+------+--------------+--------------------------------------------------------------------------------------------------+-----------------------+--------------+
; |fec_saylinx_board_top                ; 852 (258)           ; 469 (181)                 ; 0           ; 2            ; 0       ; 1         ; 93   ; 0            ; |fec_saylinx_board_top                                                                           ; fec_saylinx_board_top ; work         ;
;    |bist_wrapper:bist_inst|           ; 151 (8)             ; 99 (0)                    ; 0           ; 0            ; 0       ; 0         ; 0    ; 0            ; |fec_saylinx_board_top|bist_wrapper:bist_inst                                                    ; bist_wrapper          ; work         ;
;       |bist_ctrl:bist_ctrl_inst|      ; 77 (77)             ; 51 (51)                   ; 0           ; 0            ; 0       ; 0         ; 0    ; 0            ; |fec_saylinx_board_top|bist_wrapper:bist_inst|bist_ctrl:bist_ctrl_inst                           ; bist_ctrl             ; work         ;
;       |crc8:crc8_inst|                ; 18 (18)             ; 8 (8)                     ; 0           ; 0            ; 0       ; 0         ; 0    ; 0            ; |fec_saylinx_board_top|bist_wrapper:bist_inst|crc8:crc8_inst                                     ; crc8                  ; work         ;
;       |debounce:debounce_inst|        ; 31 (31)             ; 24 (24)                   ; 0           ; 0            ; 0       ; 0         ; 0    ; 0            ; |fec_saylinx_board_top|bist_wrapper:bist_inst|debounce:debounce_inst                             ; debounce              ; work         ;
;       |lfsr8:lfsr1_inst|              ; 8 (8)               ; 8 (8)                     ; 0           ; 0            ; 0       ; 0         ; 0    ; 0            ; |fec_saylinx_board_top|bist_wrapper:bist_inst|lfsr8:lfsr1_inst                                   ; lfsr8                 ; work         ;
;       |lfsr8:lfsr2_inst|              ; 9 (9)               ; 8 (8)                     ; 0           ; 0            ; 0       ; 0         ; 0    ; 0            ; |fec_saylinx_board_top|bist_wrapper:bist_inst|lfsr8:lfsr2_inst                                   ; lfsr8                 ; work         ;
;    |morr_l2:calc_unit|                ; 370 (7)             ; 170 (4)                   ; 0           ; 2            ; 0       ; 1         ; 0    ; 0            ; |fec_saylinx_board_top|morr_l2:calc_unit                                                         ; morr_l2               ; work         ;
;       |mult:mult_inst|                ; 96 (96)             ; 54 (54)                   ; 0           ; 0            ; 0       ; 0         ; 0    ; 0            ; |fec_saylinx_board_top|morr_l2:calc_unit|mult:mult_inst                                          ; mult                  ; work         ;
;       |root3:root3_inst|              ; 267 (267)           ; 112 (112)                 ; 0           ; 2            ; 0       ; 1         ; 0    ; 0            ; |fec_saylinx_board_top|morr_l2:calc_unit|root3:root3_inst                                        ; root3                 ; work         ;
;          |lpm_mult:Mult0|             ; 0 (0)               ; 0 (0)                     ; 0           ; 2            ; 0       ; 1         ; 0    ; 0            ; |fec_saylinx_board_top|morr_l2:calc_unit|root3:root3_inst|lpm_mult:Mult0                         ; lpm_mult              ; work         ;
;             |mult_vct:auto_generated| ; 0 (0)               ; 0 (0)                     ; 0           ; 2            ; 0       ; 1         ; 0    ; 0            ; |fec_saylinx_board_top|morr_l2:calc_unit|root3:root3_inst|lpm_mult:Mult0|mult_vct:auto_generated ; mult_vct              ; work         ;
;    |seg_display_ctrl:seg_ctrl|        ; 73 (59)             ; 19 (19)                   ; 0           ; 0            ; 0       ; 0         ; 0    ; 0            ; |fec_saylinx_board_top|seg_display_ctrl:seg_ctrl                                                 ; seg_display_ctrl      ; work         ;
;       |hex_to_7seg:u_hex_to_7seg|     ; 14 (14)             ; 0 (0)                     ; 0           ; 0            ; 0       ; 0         ; 0    ; 0            ; |fec_saylinx_board_top|seg_display_ctrl:seg_ctrl|hex_to_7seg:u_hex_to_7seg                       ; hex_to_7seg           ; work         ;
+---------------------------------------+---------------------+---------------------------+-------------+--------------+---------+-----------+------+--------------+--------------------------------------------------------------------------------------------------+-----------------------+--------------+
Note: For table entries with two numbers listed, the numbers in parentheses indicate the number of resources of the given type used by the specific entity alone. The numbers listed outside of parentheses indicate the total resources of the given type used by the specific entity and all of its sub-entities in the hierarchy.


+-----------------------------------------------------+
; Analysis & Synthesis DSP Block Usage Summary        ;
+---------------------------------------+-------------+
; Statistic                             ; Number Used ;
+---------------------------------------+-------------+
; Simple Multipliers (9-bit)            ; 0           ;
; Simple Multipliers (18-bit)           ; 1           ;
; Embedded Multiplier Blocks            ; --          ;
; Embedded Multiplier 9-bit elements    ; 2           ;
; Signed Embedded Multipliers           ; 0           ;
; Unsigned Embedded Multipliers         ; 1           ;
; Mixed Sign Embedded Multipliers       ; 0           ;
; Variable Sign Embedded Multipliers    ; 0           ;
; Dedicated Input Shift Register Chains ; 0           ;
+---------------------------------------+-------------+
Note: number of Embedded Multiplier Blocks used is only available after a successful fit.


Encoding Type:  One-Hot
+-------------------------------------------------------------------------------------------------------------+
; State Machine - |fec_saylinx_board_top|display_mode                                                         ;
+---------------------------+--------------------------+---------------------------+--------------------------+
; Name                      ; display_mode.MODE_RESULT ; display_mode.MODE_SHOW_AB ; display_mode.MODE_SHOW_A ;
+---------------------------+--------------------------+---------------------------+--------------------------+
; display_mode.MODE_RESULT  ; 0                        ; 0                         ; 0                        ;
; display_mode.MODE_SHOW_A  ; 1                        ; 0                         ; 1                        ;
; display_mode.MODE_SHOW_AB ; 1                        ; 1                         ; 0                        ;
+---------------------------+--------------------------+---------------------------+--------------------------+


Encoding Type:  One-Hot
+---------------------------------------------------------------------------------------+
; State Machine - |fec_saylinx_board_top|morr_l2:calc_unit|state                        ;
+------------------+------------------+-----------------+------------------+------------+
; Name             ; state.DONE_STATE ; state.CALC_MULT ; state.CALC_CUBRT ; state.IDLE ;
+------------------+------------------+-----------------+------------------+------------+
; state.IDLE       ; 0                ; 0               ; 0                ; 0          ;
; state.CALC_CUBRT ; 0                ; 0               ; 1                ; 1          ;
; state.CALC_MULT  ; 0                ; 1               ; 0                ; 1          ;
; state.DONE_STATE ; 1                ; 0               ; 0                ; 1          ;
+------------------+------------------+-----------------+------------------+------------+


Encoding Type:  One-Hot
+---------------------------------------------------------------------------------+
; State Machine - |fec_saylinx_board_top|morr_l2:calc_unit|root3:root3_inst|phase ;
+----------+----------+----------+------------------------------------------------+
; Name     ; phase.00 ; phase.10 ; phase.01                                       ;
+----------+----------+----------+------------------------------------------------+
; phase.00 ; 0        ; 0        ; 0                                              ;
; phase.01 ; 1        ; 0        ; 1                                              ;
; phase.10 ; 1        ; 1        ; 0                                              ;
+----------+----------+----------+------------------------------------------------+


Encoding Type:  One-Hot
+---------------------------------------------------------------------------------+
; State Machine - |fec_saylinx_board_top|morr_l2:calc_unit|root3:root3_inst|state ;
+---------------+---------------+---------------+---------------------------------+
; Name          ; state.ST_IDLE ; state.ST_DONE ; state.ST_RUN                    ;
+---------------+---------------+---------------+---------------------------------+
; state.ST_IDLE ; 0             ; 0             ; 0                               ;
; state.ST_RUN  ; 1             ; 0             ; 1                               ;
; state.ST_DONE ; 1             ; 1             ; 0                               ;
+---------------+---------------+---------------+---------------------------------+


Encoding Type:  One-Hot
+-----------------------------------------------------------------------------------------------------------------------------------------------------------------------------------------+
; State Machine - |fec_saylinx_board_top|bist_wrapper:bist_inst|bist_ctrl:bist_ctrl_inst|state                                                                                            ;
+---------------------+--------------------+--------------------+---------------------+-------------------+--------------------+---------------------+--------------------+---------------+
; Name                ; state.ST_TEST_DONE ; state.ST_TEST_NEXT ; state.ST_TEST_DELAY ; state.ST_TEST_CRC ; state.ST_TEST_WAIT ; state.ST_TEST_START ; state.ST_TEST_INIT ; state.ST_IDLE ;
+---------------------+--------------------+--------------------+---------------------+-------------------+--------------------+---------------------+--------------------+---------------+
; state.ST_IDLE       ; 0                  ; 0                  ; 0                   ; 0                 ; 0                  ; 0                   ; 0                  ; 0             ;
; state.ST_TEST_INIT  ; 0                  ; 0                  ; 0                   ; 0                 ; 0                  ; 0                   ; 1                  ; 1             ;
; state.ST_TEST_START ; 0                  ; 0                  ; 0                   ; 0                 ; 0                  ; 1                   ; 0                  ; 1             ;
; state.ST_TEST_WAIT  ; 0                  ; 0                  ; 0                   ; 0                 ; 1                  ; 0                   ; 0                  ; 1             ;
; state.ST_TEST_CRC   ; 0                  ; 0                  ; 0                   ; 1                 ; 0                  ; 0                   ; 0                  ; 1             ;
; state.ST_TEST_DELAY ; 0                  ; 0                  ; 1                   ; 0                 ; 0                  ; 0                   ; 0                  ; 1             ;
; state.ST_TEST_NEXT  ; 0                  ; 1                  ; 0                   ; 0                 ; 0                  ; 0                   ; 0                  ; 1             ;
; state.ST_TEST_DONE  ; 1                  ; 0                  ; 0                   ; 0                 ; 0                  ; 0                   ; 0                  ; 1             ;
+---------------------+--------------------+--------------------+---------------------+-------------------+--------------------+---------------------+--------------------+---------------+


+--------------------------------------------------------------------------------------------------+
; Registers Removed During Synthesis                                                               ;
+---------------------------------------------------------+----------------------------------------+
; Register name                                           ; Reason for Removal                     ;
+---------------------------------------------------------+----------------------------------------+
; last_result[16..31]                                     ; Stuck at GND due to stuck port data_in ;
; display_value[17..31]                                   ; Stuck at GND due to stuck port data_in ;
; morr_l2:calc_unit|root3:root3_inst|prod_r[0]            ; Stuck at GND due to stuck port data_in ;
; morr_l2:calc_unit|root3:root3_inst|prod3_r[0]           ; Stuck at GND due to stuck port data_in ;
; morr_l2:calc_unit|state~4                               ; Lost fanout                            ;
; morr_l2:calc_unit|state~5                               ; Lost fanout                            ;
; bist_wrapper:bist_inst|bist_ctrl:bist_ctrl_inst|state~4 ; Lost fanout                            ;
; bist_wrapper:bist_inst|bist_ctrl:bist_ctrl_inst|state~5 ; Lost fanout                            ;
; bist_wrapper:bist_inst|bist_ctrl:bist_ctrl_inst|state~6 ; Lost fanout                            ;
; Total Number of Removed Registers = 38                  ;                                        ;
+---------------------------------------------------------+----------------------------------------+


+--------------------------------------------------------------------------------------------------------------------------+
; Removed Registers Triggering Further Register Optimizations                                                              ;
+----------------------------------------------+---------------------------+-----------------------------------------------+
; Register name                                ; Reason for Removal        ; Registers Removed due to This Register        ;
+----------------------------------------------+---------------------------+-----------------------------------------------+
; last_result[31]                              ; Stuck at GND              ; display_value[31]                             ;
;                                              ; due to stuck port data_in ;                                               ;
; last_result[30]                              ; Stuck at GND              ; display_value[30]                             ;
;                                              ; due to stuck port data_in ;                                               ;
; last_result[29]                              ; Stuck at GND              ; display_value[29]                             ;
;                                              ; due to stuck port data_in ;                                               ;
; last_result[28]                              ; Stuck at GND              ; display_value[28]                             ;
;                                              ; due to stuck port data_in ;                                               ;
; last_result[27]                              ; Stuck at GND              ; display_value[27]                             ;
;                                              ; due to stuck port data_in ;                                               ;
; last_result[26]                              ; Stuck at GND              ; display_value[26]                             ;
;                                              ; due to stuck port data_in ;                                               ;
; last_result[25]                              ; Stuck at GND              ; display_value[25]                             ;
;                                              ; due to stuck port data_in ;                                               ;
; last_result[24]                              ; Stuck at GND              ; display_value[24]                             ;
;                                              ; due to stuck port data_in ;                                               ;
; last_result[23]                              ; Stuck at GND              ; display_value[23]                             ;
;                                              ; due to stuck port data_in ;                                               ;
; last_result[22]                              ; Stuck at GND              ; display_value[22]                             ;
;                                              ; due to stuck port data_in ;                                               ;
; last_result[21]                              ; Stuck at GND              ; display_value[21]                             ;
;                                              ; due to stuck port data_in ;                                               ;
; last_result[20]                              ; Stuck at GND              ; display_value[20]                             ;
;                                              ; due to stuck port data_in ;                                               ;
; last_result[19]                              ; Stuck at GND              ; display_value[19]                             ;
;                                              ; due to stuck port data_in ;                                               ;
; last_result[18]                              ; Stuck at GND              ; display_value[18]                             ;
;                                              ; due to stuck port data_in ;                                               ;
; last_result[17]                              ; Stuck at GND              ; display_value[17]                             ;
;                                              ; due to stuck port data_in ;                                               ;
; morr_l2:calc_unit|root3:root3_inst|prod_r[0] ; Stuck at GND              ; morr_l2:calc_unit|root3:root3_inst|prod3_r[0] ;
;                                              ; due to stuck port data_in ;                                               ;
+----------------------------------------------+---------------------------+-----------------------------------------------+


+------------------------------------------------------+
; General Register Statistics                          ;
+----------------------------------------------+-------+
; Statistic                                    ; Value ;
+----------------------------------------------+-------+
; Total registers                              ; 469   ;
; Number of registers using Synchronous Clear  ; 190   ;
; Number of registers using Synchronous Load   ; 55    ;
; Number of registers using Asynchronous Clear ; 469   ;
; Number of registers using Asynchronous Load  ; 0     ;
; Number of registers using Clock Enable       ; 274   ;
; Number of registers using Preset             ; 0     ;
+----------------------------------------------+-------+


+---------------------------------------------------------------+
; Inverted Register Statistics                                  ;
+-----------------------------------------------------+---------+
; Inverted Register                                   ; Fan out ;
+-----------------------------------------------------+---------+
; bist_wrapper:bist_inst|lfsr8:lfsr2_inst|lfsr_reg[1] ; 2       ;
; bist_wrapper:bist_inst|lfsr8:lfsr1_inst|lfsr_reg[5] ; 3       ;
; bist_wrapper:bist_inst|lfsr8:lfsr2_inst|lfsr_reg[6] ; 3       ;
; bist_wrapper:bist_inst|lfsr8:lfsr1_inst|lfsr_reg[2] ; 3       ;
; bist_wrapper:bist_inst|lfsr8:lfsr2_inst|lfsr_reg[3] ; 2       ;
; bist_wrapper:bist_inst|lfsr8:lfsr1_inst|lfsr_reg[7] ; 2       ;
; bist_wrapper:bist_inst|lfsr8:lfsr2_inst|lfsr_reg[4] ; 2       ;
; Total number of inverted registers = 7              ;         ;
+-----------------------------------------------------+---------+


+------------------------------------------------------------------------------------------------------------------------------------------------------------------------------------------------+
; Multiplexer Restructuring Statistics (Restructuring Performed)                                                                                                                                 ;
+--------------------+-----------+---------------+----------------------+------------------------+------------+----------------------------------------------------------------------------------+
; Multiplexer Inputs ; Bus Width ; Baseline Area ; Area if Restructured ; Saving if Restructured ; Registered ; Example Multiplexer Output                                                       ;
+--------------------+-----------+---------------+----------------------+------------------------+------------+----------------------------------------------------------------------------------+
; 3:1                ; 5 bits    ; 10 LEs        ; 5 LEs                ; 5 LEs                  ; Yes        ; |fec_saylinx_board_top|bist_wrapper:bist_inst|crc8:crc8_inst|crc_reg[7]          ;
; 3:1                ; 9 bits    ; 18 LEs        ; 9 LEs                ; 9 LEs                  ; Yes        ; |fec_saylinx_board_top|bist_wrapper:bist_inst|lfsr8:lfsr2_inst|lfsr_reg[2]       ;
; 3:1                ; 20 bits   ; 40 LEs        ; 20 LEs               ; 20 LEs                 ; Yes        ; |fec_saylinx_board_top|morr_l2:calc_unit|mult:mult_inst|part_res[13]             ;
; 3:1                ; 7 bits    ; 14 LEs        ; 7 LEs                ; 7 LEs                  ; Yes        ; |fec_saylinx_board_top|morr_l2:calc_unit|mult:mult_inst|b_reg[5]                 ;
; 3:1                ; 20 bits   ; 40 LEs        ; 20 LEs               ; 20 LEs                 ; Yes        ; |fec_saylinx_board_top|debounce_cnt3[12]                                         ;
; 3:1                ; 20 bits   ; 40 LEs        ; 20 LEs               ; 20 LEs                 ; Yes        ; |fec_saylinx_board_top|debounce_cnt4[15]                                         ;
; 3:1                ; 20 bits   ; 40 LEs        ; 20 LEs               ; 20 LEs                 ; Yes        ; |fec_saylinx_board_top|debounce_cnt2[18]                                         ;
; 3:1                ; 20 bits   ; 40 LEs        ; 20 LEs               ; 20 LEs                 ; Yes        ; |fec_saylinx_board_top|bist_wrapper:bist_inst|debounce:debounce_inst|counter[9]  ;
; 4:1                ; 8 bits    ; 16 LEs        ; 16 LEs               ; 0 LEs                  ; Yes        ; |fec_saylinx_board_top|display_value[14]                                         ;
; 4:1                ; 25 bits   ; 50 LEs        ; 25 LEs               ; 25 LEs                 ; Yes        ; |fec_saylinx_board_top|double_click_timer3[18]                                   ;
; 4:1                ; 25 bits   ; 50 LEs        ; 25 LEs               ; 25 LEs                 ; Yes        ; |fec_saylinx_board_top|double_click_timer4[19]                                   ;
; 4:1                ; 25 bits   ; 50 LEs        ; 25 LEs               ; 25 LEs                 ; Yes        ; |fec_saylinx_board_top|double_click_timer2[14]                                   ;
; 5:1                ; 8 bits    ; 24 LEs        ; 24 LEs               ; 0 LEs                  ; Yes        ; |fec_saylinx_board_top|display_value[2]                                          ;
; 5:1                ; 6 bits    ; 18 LEs        ; 6 LEs                ; 12 LEs                 ; Yes        ; |fec_saylinx_board_top|morr_l2:calc_unit|root3:root3_inst|s[5]                   ;
; 5:1                ; 24 bits   ; 72 LEs        ; 24 LEs               ; 48 LEs                 ; Yes        ; |fec_saylinx_board_top|morr_l2:calc_unit|root3:root3_inst|x[9]                   ;
; 5:1                ; 8 bits    ; 24 LEs        ; 8 LEs                ; 16 LEs                 ; Yes        ; |fec_saylinx_board_top|morr_l2:calc_unit|root3:root3_inst|x[6]                   ;
; 3:1                ; 7 bits    ; 14 LEs        ; 7 LEs                ; 7 LEs                  ; Yes        ; |fec_saylinx_board_top|bist_wrapper:bist_inst|lfsr8:lfsr1_inst|lfsr_reg[5]       ;
; 5:1                ; 11 bits   ; 33 LEs        ; 11 LEs               ; 22 LEs                 ; Yes        ; |fec_saylinx_board_top|morr_l2:calc_unit|root3:root3_inst|y[5]                   ;
; 3:1                ; 16 bits   ; 32 LEs        ; 16 LEs               ; 16 LEs                 ; No         ; |fec_saylinx_board_top|morr_l2:calc_unit|root3:root3_inst|ShiftLeft0             ;
; 3:1                ; 4 bits    ; 8 LEs         ; 8 LEs                ; 0 LEs                  ; No         ; |fec_saylinx_board_top|morr_l2:calc_unit|mult:mult_inst|ShiftLeft0               ;
; 3:1                ; 3 bits    ; 6 LEs         ; 6 LEs                ; 0 LEs                  ; No         ; |fec_saylinx_board_top|morr_l2:calc_unit|mult:mult_inst|ShiftLeft0               ;
; 8:1                ; 3 bits    ; 15 LEs        ; 9 LEs                ; 6 LEs                  ; No         ; |fec_saylinx_board_top|seg_display_ctrl:seg_ctrl|curr_nibble[3]                  ;
; 4:1                ; 8 bits    ; 16 LEs        ; 16 LEs               ; 0 LEs                  ; No         ; |fec_saylinx_board_top|morr_l2:calc_unit|root3:root3_inst|ShiftLeft0             ;
; 5:1                ; 4 bits    ; 12 LEs        ; 12 LEs               ; 0 LEs                  ; No         ; |fec_saylinx_board_top|morr_l2:calc_unit|root3:root3_inst|ShiftLeft0             ;
; 5:1                ; 4 bits    ; 12 LEs        ; 12 LEs               ; 0 LEs                  ; No         ; |fec_saylinx_board_top|morr_l2:calc_unit|root3:root3_inst|ShiftLeft0             ;
; 8:1                ; 3 bits    ; 15 LEs        ; 12 LEs               ; 3 LEs                  ; No         ; |fec_saylinx_board_top|display_mode                                              ;
; 7:1                ; 4 bits    ; 16 LEs        ; 12 LEs               ; 4 LEs                  ; No         ; |fec_saylinx_board_top|morr_l2:calc_unit|Selector2                               ;
; 11:1               ; 3 bits    ; 21 LEs        ; 15 LEs               ; 6 LEs                  ; No         ; |fec_saylinx_board_top|bist_wrapper:bist_inst|bist_ctrl:bist_ctrl_inst|Selector0 ;
; 12:1               ; 2 bits    ; 16 LEs        ; 6 LEs                ; 10 LEs                 ; No         ; |fec_saylinx_board_top|bist_wrapper:bist_inst|bist_ctrl:bist_ctrl_inst|Selector6 ;
+--------------------+-----------+---------------+----------------------+------------------------+------------+----------------------------------------------------------------------------------+


+---------------------------------------------------------------------------------------+
; Parameter Settings for User Entity Instance: Top-level Entity: |fec_saylinx_board_top ;
+---------------------+----------+------------------------------------------------------+
; Parameter Name      ; Value    ; Type                                                 ;
+---------------------+----------+------------------------------------------------------+
; DOUBLE_CLICK_WINDOW ; 25000000 ; Signed Integer                                       ;
+---------------------+----------+------------------------------------------------------+
Note: In order to hide this table in the UI and the text report file, please set the "Show Parameter Settings in Synthesis Report" option in "Analysis and Synthesis Settings -> More Settings" to "Off".


+---------------------------------------------------------------------+
; Parameter Settings for User Entity Instance: bist_wrapper:bist_inst ;
+----------------+----------+-----------------------------------------+
; Parameter Name ; Value    ; Type                                    ;
+----------------+----------+-----------------------------------------+
; LFSR1_POLY     ; 01011000 ; Unsigned Binary                         ;
; LFSR2_POLY     ; 11001000 ; Unsigned Binary                         ;
; CRC8_POLY      ; 10001011 ; Unsigned Binary                         ;
; LFSR1_SEED     ; 10100100 ; Unsigned Binary                         ;
; LFSR2_SEED     ; 01011010 ; Unsigned Binary                         ;
; CRC8_INIT      ; 00000000 ; Unsigned Binary                         ;
+----------------+----------+-----------------------------------------+
Note: In order to hide this table in the UI and the text report file, please set the "Show Parameter Settings in Synthesis Report" option in "Analysis and Synthesis Settings -> More Settings" to "Off".


+--------------------------------------------------------------------------------------------+
; Parameter Settings for User Entity Instance: bist_wrapper:bist_inst|debounce:debounce_inst ;
+-----------------+---------+----------------------------------------------------------------+
; Parameter Name  ; Value   ; Type                                                           ;
+-----------------+---------+----------------------------------------------------------------+
; DEBOUNCE_CYCLES ; 1000000 ; Signed Integer                                                 ;
+-----------------+---------+----------------------------------------------------------------+
Note: In order to hide this table in the UI and the text report file, please set the "Show Parameter Settings in Synthesis Report" option in "Analysis and Synthesis Settings -> More Settings" to "Off".


+----------------------------------------------------------------------------------------------+
; Parameter Settings for User Entity Instance: bist_wrapper:bist_inst|bist_ctrl:bist_ctrl_inst ;
+-----------------+----------+-----------------------------------------------------------------+
; Parameter Name  ; Value    ; Type                                                            ;
+-----------------+----------+-----------------------------------------------------------------+
; TEST_ITERATIONS ; 256      ; Signed Integer                                                  ;
; SLOW_DELAY      ; 25000000 ; Signed Integer                                                  ;
+-----------------+----------+-----------------------------------------------------------------+
Note: In order to hide this table in the UI and the text report file, please set the "Show Parameter Settings in Synthesis Report" option in "Analysis and Synthesis Settings -> More Settings" to "Off".


+--------------------------------------------------------------------------------------+
; Parameter Settings for User Entity Instance: bist_wrapper:bist_inst|lfsr8:lfsr1_inst ;
+----------------+----------+----------------------------------------------------------+
; Parameter Name ; Value    ; Type                                                     ;
+----------------+----------+----------------------------------------------------------+
; POLY           ; 01011000 ; Unsigned Binary                                          ;
; SEED           ; 10100100 ; Unsigned Binary                                          ;
+----------------+----------+----------------------------------------------------------+
Note: In order to hide this table in the UI and the text report file, please set the "Show Parameter Settings in Synthesis Report" option in "Analysis and Synthesis Settings -> More Settings" to "Off".


+--------------------------------------------------------------------------------------+
; Parameter Settings for User Entity Instance: bist_wrapper:bist_inst|lfsr8:lfsr2_inst ;
+----------------+----------+----------------------------------------------------------+
; Parameter Name ; Value    ; Type                                                     ;
+----------------+----------+----------------------------------------------------------+
; POLY           ; 11001000 ; Unsigned Binary                                          ;
; SEED           ; 01011010 ; Unsigned Binary                                          ;
+----------------+----------+----------------------------------------------------------+
Note: In order to hide this table in the UI and the text report file, please set the "Show Parameter Settings in Synthesis Report" option in "Analysis and Synthesis Settings -> More Settings" to "Off".


+------------------------------------------------------------------------------------+
; Parameter Settings for User Entity Instance: bist_wrapper:bist_inst|crc8:crc8_inst ;
+----------------+----------+--------------------------------------------------------+
; Parameter Name ; Value    ; Type                                                   ;
+----------------+----------+--------------------------------------------------------+
; POLY           ; 10001011 ; Unsigned Binary                                        ;
; INIT           ; 00000000 ; Unsigned Binary                                        ;
+----------------+----------+--------------------------------------------------------+
Note: In order to hide this table in the UI and the text report file, please set the "Show Parameter Settings in Synthesis Report" option in "Analysis and Synthesis Settings -> More Settings" to "Off".


+---------------------------------------------------------------------------------+
; Parameter Settings for User Entity Instance: morr_l2:calc_unit|root3:root3_inst ;
+----------------+-------+--------------------------------------------------------+
; Parameter Name ; Value ; Type                                                   ;
+----------------+-------+--------------------------------------------------------+
; IN_W           ; 32    ; Signed Integer                                         ;
; OUT_W          ; 11    ; Signed Integer                                         ;
; S_MAX          ; 30    ; Signed Integer                                         ;
; LATENCY        ; 6     ; Signed Integer                                         ;
+----------------+-------+--------------------------------------------------------+
Note: In order to hide this table in the UI and the text report file, please set the "Show Parameter Settings in Synthesis Report" option in "Analysis and Synthesis Settings -> More Settings" to "Off".


+-------------------------------------------------------------------------------+
; Parameter Settings for User Entity Instance: morr_l2:calc_unit|mult:mult_inst ;
+----------------+-------+------------------------------------------------------+
; Parameter Name ; Value ; Type                                                 ;
+----------------+-------+------------------------------------------------------+
; A_W            ; 8     ; Signed Integer                                       ;
; B_W            ; 8     ; Signed Integer                                       ;
; Y_W            ; 16    ; Signed Integer                                       ;
; LATENCY        ; 2     ; Signed Integer                                       ;
+----------------+-------+------------------------------------------------------+
Note: In order to hide this table in the UI and the text report file, please set the "Show Parameter Settings in Synthesis Report" option in "Analysis and Synthesis Settings -> More Settings" to "Off".


+----------------------------------------------------------------------------------------------------+
; Parameter Settings for Inferred Entity Instance: morr_l2:calc_unit|root3:root3_inst|lpm_mult:Mult0 ;
+------------------------------------------------+--------------+------------------------------------+
; Parameter Name                                 ; Value        ; Type                               ;
+------------------------------------------------+--------------+------------------------------------+
; AUTO_CARRY_CHAINS                              ; ON           ; AUTO_CARRY                         ;
; IGNORE_CARRY_BUFFERS                           ; OFF          ; IGNORE_CARRY                       ;
; AUTO_CASCADE_CHAINS                            ; ON           ; AUTO_CASCADE                       ;
; IGNORE_CASCADE_BUFFERS                         ; OFF          ; IGNORE_CASCADE                     ;
; LPM_WIDTHA                                     ; 12           ; Untyped                            ;
; LPM_WIDTHB                                     ; 12           ; Untyped                            ;
; LPM_WIDTHP                                     ; 24           ; Untyped                            ;
; LPM_WIDTHR                                     ; 24           ; Untyped                            ;
; LPM_WIDTHS                                     ; 1            ; Untyped                            ;
; LPM_REPRESENTATION                             ; UNSIGNED     ; Untyped                            ;
; LPM_PIPELINE                                   ; 0            ; Untyped                            ;
; LATENCY                                        ; 0            ; Untyped                            ;
; INPUT_A_IS_CONSTANT                            ; NO           ; Untyped                            ;
; INPUT_B_IS_CONSTANT                            ; NO           ; Untyped                            ;
; USE_EAB                                        ; OFF          ; Untyped                            ;
; MAXIMIZE_SPEED                                 ; 5            ; Untyped                            ;
; DEVICE_FAMILY                                  ; Cyclone IV E ; Untyped                            ;
; CARRY_CHAIN                                    ; MANUAL       ; Untyped                            ;
; APEX20K_TECHNOLOGY_MAPPER                      ; LUT          ; TECH_MAPPER_APEX20K                ;
; DEDICATED_MULTIPLIER_CIRCUITRY                 ; AUTO         ; Untyped                            ;
; DEDICATED_MULTIPLIER_MIN_INPUT_WIDTH_FOR_AUTO  ; 0            ; Untyped                            ;
; DEDICATED_MULTIPLIER_MIN_OUTPUT_WIDTH_FOR_AUTO ; 0            ; Untyped                            ;
; CBXI_PARAMETER                                 ; mult_vct     ; Untyped                            ;
; INPUT_A_FIXED_VALUE                            ; Bx           ; Untyped                            ;
; INPUT_B_FIXED_VALUE                            ; Bx           ; Untyped                            ;
; USE_AHDL_IMPLEMENTATION                        ; OFF          ; Untyped                            ;
+------------------------------------------------+--------------+------------------------------------+
Note: In order to hide this table in the UI and the text report file, please set the "Show Parameter Settings in Synthesis Report" option in "Analysis and Synthesis Settings -> More Settings" to "Off".


+-------------------------------------------------------------------------------------------+
; lpm_mult Parameter Settings by Entity Instance                                            ;
+---------------------------------------+---------------------------------------------------+
; Name                                  ; Value                                             ;
+---------------------------------------+---------------------------------------------------+
; Number of entity instances            ; 1                                                 ;
; Entity Instance                       ; morr_l2:calc_unit|root3:root3_inst|lpm_mult:Mult0 ;
;     -- LPM_WIDTHA                     ; 12                                                ;
;     -- LPM_WIDTHB                     ; 12                                                ;
;     -- LPM_WIDTHP                     ; 24                                                ;
;     -- LPM_REPRESENTATION             ; UNSIGNED                                          ;
;     -- INPUT_A_IS_CONSTANT            ; NO                                                ;
;     -- INPUT_B_IS_CONSTANT            ; NO                                                ;
;     -- USE_EAB                        ; OFF                                               ;
;     -- DEDICATED_MULTIPLIER_CIRCUITRY ; AUTO                                              ;
;     -- INPUT_A_FIXED_VALUE            ; Bx                                                ;
;     -- INPUT_B_FIXED_VALUE            ; Bx                                                ;
+---------------------------------------+---------------------------------------------------+


+------------------------------------------------------------------------------------------------------------------+
; Port Connectivity Checks: "morr_l2:calc_unit|mult:mult_inst"                                                     ;
+--------+--------+----------+-------------------------------------------------------------------------------------+
; Port   ; Type   ; Severity ; Details                                                                             ;
+--------+--------+----------+-------------------------------------------------------------------------------------+
; busy_o ; Output ; Info     ; Connected to dangling logic. Logic that only feeds a dangling port will be removed. ;
+--------+--------+----------+-------------------------------------------------------------------------------------+


+-----------------------------------------------------------------------------------------------------------------------+
; Port Connectivity Checks: "morr_l2:calc_unit|root3:root3_inst"                                                        ;
+-------------+--------+----------+-------------------------------------------------------------------------------------+
; Port        ; Type   ; Severity ; Details                                                                             ;
+-------------+--------+----------+-------------------------------------------------------------------------------------+
; busy_o      ; Output ; Info     ; Connected to dangling logic. Logic that only feeds a dangling port will be removed. ;
; y_bo[10..8] ; Output ; Info     ; Connected to dangling logic. Logic that only feeds a dangling port will be removed. ;
+-------------+--------+----------+-------------------------------------------------------------------------------------+


+-------------------------------------------------------------------+
; Port Connectivity Checks: "bist_wrapper:bist_inst|crc8:crc8_inst" ;
+-----------+-------+----------+------------------------------------+
; Port      ; Type  ; Severity ; Details                            ;
+-----------+-------+----------+------------------------------------+
; byte_en_i ; Input ; Info     ; Stuck at VCC                       ;
+-----------+-------+----------+------------------------------------+


+-------------------------------------------------------------------------------------------------------------------------+
; Port Connectivity Checks: "bist_wrapper:bist_inst|debounce:debounce_inst"                                               ;
+---------------+--------+----------+-------------------------------------------------------------------------------------+
; Port          ; Type   ; Severity ; Details                                                                             ;
+---------------+--------+----------+-------------------------------------------------------------------------------------+
; btn_o         ; Output ; Info     ; Connected to dangling logic. Logic that only feeds a dangling port will be removed. ;
; btn_negedge_o ; Output ; Info     ; Explicitly unconnected                                                              ;
+---------------+--------+----------+-------------------------------------------------------------------------------------+


+--------------------------------------------------------------------------------------------------------------------------+
; Port Connectivity Checks: "bist_wrapper:bist_inst"                                                                       ;
+----------------+--------+----------+-------------------------------------------------------------------------------------+
; Port           ; Type   ; Severity ; Details                                                                             ;
+----------------+--------+----------+-------------------------------------------------------------------------------------+
; b_ext_i[31..8] ; Input  ; Info     ; Stuck at GND                                                                        ;
; result_mux_o   ; Output ; Info     ; Connected to dangling logic. Logic that only feeds a dangling port will be removed. ;
+----------------+--------+----------+-------------------------------------------------------------------------------------+


+-----------------------------------------------------+
; Post-Synthesis Netlist Statistics for Top Partition ;
+-----------------------+-----------------------------+
; Type                  ; Count                       ;
+-----------------------+-----------------------------+
; boundary_port         ; 93                          ;
; cycloneiii_ff         ; 469                         ;
;     CLR               ; 72                          ;
;     CLR SCLR          ; 106                         ;
;     CLR SLD           ; 17                          ;
;     ENA CLR           ; 152                         ;
;     ENA CLR SCLR      ; 84                          ;
;     ENA CLR SLD       ; 38                          ;
; cycloneiii_lcell_comb ; 861                         ;
;     arith             ; 305                         ;
;         2 data inputs ; 206                         ;
;         3 data inputs ; 99                          ;
;     normal            ; 556                         ;
;         0 data inputs ; 3                           ;
;         1 data inputs ; 21                          ;
;         2 data inputs ; 102                         ;
;         3 data inputs ; 148                         ;
;         4 data inputs ; 282                         ;
; cycloneiii_mac_mult   ; 1                           ;
; cycloneiii_mac_out    ; 1                           ;
;                       ;                             ;
; Max LUT depth         ; 9.30                        ;
; Average LUT depth     ; 3.76                        ;
+-----------------------+-----------------------------+


+-------------------------------+
; Elapsed Time Per Partition    ;
+----------------+--------------+
; Partition Name ; Elapsed Time ;
+----------------+--------------+
; Top            ; 00:00:02     ;
+----------------+--------------+


+-------------------------------+
; Analysis & Synthesis Messages ;
+-------------------------------+
Info: *******************************************************************
Info: Running Quartus Prime Analysis & Synthesis
    Info: Version 21.1.1 Build 850 06/23/2022 SJ Lite Edition
    Info: Processing started: Wed Dec 10 17:15:13 2025
Info: Command: quartus_map --read_settings_files=on --write_settings_files=off fec_saylinx_board_top -c fec_saylinx_board_top
Info (20030): Parallel compilation is enabled and will use 16 of the 16 processors detected
Info (12021): Found 1 design units, including 1 entities, in source file fec_saylinx_board_top.v
    Info (12023): Found entity 1: fec_saylinx_board_top File: C:/Schema/lab3/fec_saylinx_board_top.v Line: 13
Info (12021): Found 1 design units, including 1 entities, in source file morr_l2.v
    Info (12023): Found entity 1: morr_l2 File: C:/Schema/lab3/morr_l2.v Line: 3
Info (12021): Found 1 design units, including 1 entities, in source file root3.v
    Info (12023): Found entity 1: root3 File: C:/Schema/lab3/root3.v Line: 3
Info (12021): Found 1 design units, including 1 entities, in source file mult.v
    Info (12023): Found entity 1: mult File: C:/Schema/lab3/mult.v Line: 1
Info (12021): Found 1 design units, including 1 entities, in source file seg_display_ctrl.v
    Info (12023): Found entity 1: seg_display_ctrl File: C:/Schema/lab3/seg_display_ctrl.v Line: 2
Info (12021): Found 1 design units, including 1 entities, in source file hex_to_7seg.v
    Info (12023): Found entity 1: hex_to_7seg File: C:/Schema/lab3/hex_to_7seg.v Line: 2
Info (12021): Found 1 design units, including 1 entities, in source file lfsr8.v
    Info (12023): Found entity 1: lfsr8 File: C:/Schema/lab3/lfsr8.v Line: 14
Info (12021): Found 1 design units, including 1 entities, in source file crc8.v
    Info (12023): Found entity 1: crc8 File: C:/Schema/lab3/crc8.v Line: 12
Info (12021): Found 1 design units, including 1 entities, in source file debounce.v
    Info (12023): Found entity 1: debounce File: C:/Schema/lab3/debounce.v Line: 11
Info (12021): Found 1 design units, including 1 entities, in source file bist_ctrl.v
    Info (12023): Found entity 1: bist_ctrl File: C:/Schema/lab3/bist_ctrl.v Line: 12
Info (12021): Found 1 design units, including 1 entities, in source file bist_wrapper.v
    Info (12023): Found entity 1: bist_wrapper File: C:/Schema/lab3/bist_wrapper.v Line: 12
Info (12127): Elaborating entity "fec_saylinx_board_top" for the top level hierarchy
Warning (10036): Verilog HDL or VHDL warning at fec_saylinx_board_top.v(64): object "key2_double_click" assigned a value but never read File: C:/Schema/lab3/fec_saylinx_board_top.v Line: 64
Warning (10036): Verilog HDL or VHDL warning at fec_saylinx_board_top.v(64): object "key3_double_click" assigned a value but never read File: C:/Schema/lab3/fec_saylinx_board_top.v Line: 64
Warning (10036): Verilog HDL or VHDL warning at fec_saylinx_board_top.v(64): object "key4_double_click" assigned a value but never read File: C:/Schema/lab3/fec_saylinx_board_top.v Line: 64
Warning (10230): Verilog HDL assignment warning at fec_saylinx_board_top.v(74): truncated value with size 32 to match size of target (20) File: C:/Schema/lab3/fec_saylinx_board_top.v Line: 74
Warning (10230): Verilog HDL assignment warning at fec_saylinx_board_top.v(95): truncated value with size 32 to match size of target (20) File: C:/Schema/lab3/fec_saylinx_board_top.v Line: 95
Warning (10230): Verilog HDL assignment warning at fec_saylinx_board_top.v(116): truncated value with size 32 to match size of target (20) File: C:/Schema/lab3/fec_saylinx_board_top.v Line: 116
Warning (10230): Verilog HDL assignment warning at fec_saylinx_board_top.v(152): truncated value with size 32 to match size of target (25) File: C:/Schema/lab3/fec_saylinx_board_top.v Line: 152
Warning (10230): Verilog HDL assignment warning at fec_saylinx_board_top.v(181): truncated value with size 32 to match size of target (25) File: C:/Schema/lab3/fec_saylinx_board_top.v Line: 181
Warning (10230): Verilog HDL assignment warning at fec_saylinx_board_top.v(210): truncated value with size 32 to match size of target (25) File: C:/Schema/lab3/fec_saylinx_board_top.v Line: 210
Warning (10230): Verilog HDL assignment warning at fec_saylinx_board_top.v(367): truncated value with size 32 to match size of target (8) File: C:/Schema/lab3/fec_saylinx_board_top.v Line: 367
Info (12128): Elaborating entity "bist_wrapper" for hierarchy "bist_wrapper:bist_inst" File: C:/Schema/lab3/fec_saylinx_board_top.v Line: 297
Info (12128): Elaborating entity "debounce" for hierarchy "bist_wrapper:bist_inst|debounce:debounce_inst" File: C:/Schema/lab3/bist_wrapper.v Line: 79
Warning (10230): Verilog HDL assignment warning at debounce.v(59): truncated value with size 32 to match size of target (20) File: C:/Schema/lab3/debounce.v Line: 59
Info (12128): Elaborating entity "bist_ctrl" for hierarchy "bist_wrapper:bist_inst|bist_ctrl:bist_ctrl_inst" File: C:/Schema/lab3/bist_wrapper.v Line: 102
Warning (10230): Verilog HDL assignment warning at bist_ctrl.v(145): truncated value with size 32 to match size of target (9) File: C:/Schema/lab3/bist_ctrl.v Line: 145
Info (10264): Verilog HDL Case Statement information at bist_ctrl.v(141): all case item expressions in this case statement are onehot File: C:/Schema/lab3/bist_ctrl.v Line: 141
Warning (10230): Verilog HDL assignment warning at bist_ctrl.v(159): truncated value with size 32 to match size of target (25) File: C:/Schema/lab3/bist_ctrl.v Line: 159
Warning (10230): Verilog HDL assignment warning at bist_ctrl.v(172): truncated value with size 32 to match size of target (8) File: C:/Schema/lab3/bist_ctrl.v Line: 172
Info (12128): Elaborating entity "lfsr8" for hierarchy "bist_wrapper:bist_inst|lfsr8:lfsr1_inst" File: C:/Schema/lab3/bist_wrapper.v Line: 116
Info (12128): Elaborating entity "lfsr8" for hierarchy "bist_wrapper:bist_inst|lfsr8:lfsr2_inst" File: C:/Schema/lab3/bist_wrapper.v Line: 130
Info (12128): Elaborating entity "crc8" for hierarchy "bist_wrapper:bist_inst|crc8:crc8_inst" File: C:/Schema/lab3/bist_wrapper.v Line: 146
Info (12128): Elaborating entity "morr_l2" for hierarchy "morr_l2:calc_unit" File: C:/Schema/lab3/fec_saylinx_board_top.v Line: 310
Info (12128): Elaborating entity "root3" for hierarchy "morr_l2:calc_unit|root3:root3_inst" File: C:/Schema/lab3/morr_l2.v Line: 69
Warning (10230): Verilog HDL assignment warning at root3.v(89): truncated value with size 32 to match size of target (25) File: C:/Schema/lab3/root3.v Line: 89
Info (12128): Elaborating entity "mult" for hierarchy "morr_l2:calc_unit|mult:mult_inst" File: C:/Schema/lab3/morr_l2.v Line: 85
Warning (10230): Verilog HDL assignment warning at mult.v(69): truncated value with size 32 to match size of target (4) File: C:/Schema/lab3/mult.v Line: 69
Info (12128): Elaborating entity "seg_display_ctrl" for hierarchy "seg_display_ctrl:seg_ctrl" File: C:/Schema/lab3/fec_saylinx_board_top.v Line: 403
Info (12128): Elaborating entity "hex_to_7seg" for hierarchy "seg_display_ctrl:seg_ctrl|hex_to_7seg:u_hex_to_7seg" File: C:/Schema/lab3/seg_display_ctrl.v Line: 44
Info (278001): Inferred 1 megafunctions from design logic
    Info (278003): Inferred multiplier megafunction ("lpm_mult") from the following logic: "morr_l2:calc_unit|root3:root3_inst|Mult0" File: C:/Schema/lab3/root3.v Line: 84
Info (12130): Elaborated megafunction instantiation "morr_l2:calc_unit|root3:root3_inst|lpm_mult:Mult0" File: C:/Schema/lab3/root3.v Line: 84
Info (12133): Instantiated megafunction "morr_l2:calc_unit|root3:root3_inst|lpm_mult:Mult0" with the following parameter: File: C:/Schema/lab3/root3.v Line: 84
    Info (12134): Parameter "LPM_WIDTHA" = "12"
    Info (12134): Parameter "LPM_WIDTHB" = "12"
    Info (12134): Parameter "LPM_WIDTHP" = "24"
    Info (12134): Parameter "LPM_WIDTHR" = "24"
    Info (12134): Parameter "LPM_WIDTHS" = "1"
    Info (12134): Parameter "LPM_REPRESENTATION" = "UNSIGNED"
    Info (12134): Parameter "INPUT_A_IS_CONSTANT" = "NO"
    Info (12134): Parameter "INPUT_B_IS_CONSTANT" = "NO"
    Info (12134): Parameter "MAXIMIZE_SPEED" = "5"
Info (12021): Found 1 design units, including 1 entities, in source file db/mult_vct.tdf
    Info (12023): Found entity 1: mult_vct File: C:/Schema/lab3/db/mult_vct.tdf Line: 29
Info (13000): Registers with preset signals will power-up high File: C:/Schema/lab3/lfsr8.v Line: 44
Info (13003): DEV_CLRn pin will set, and not reset, register with preset signal due to NOT Gate Push-Back
Warning (13024): Output pins are stuck at VCC or GND
    Warning (13410): Pin "SEG_DATA[0]" is stuck at VCC File: C:/Schema/lab3/fec_saylinx_board_top.v Line: 24
    Warning (13410): Pin "GPIO_0_out_zero_value[0]" is stuck at GND File: C:/Schema/lab3/fec_saylinx_board_top.v Line: 27
    Warning (13410): Pin "GPIO_0_out_zero_value[1]" is stuck at GND File: C:/Schema/lab3/fec_saylinx_board_top.v Line: 27
    Warning (13410): Pin "GPIO_0_out_zero_value[2]" is stuck at GND File: C:/Schema/lab3/fec_saylinx_board_top.v Line: 27
    Warning (13410): Pin "GPIO_0_out_zero_value[3]" is stuck at GND File: C:/Schema/lab3/fec_saylinx_board_top.v Line: 27
    Warning (13410): Pin "GPIO_0_out_zero_value[4]" is stuck at GND File: C:/Schema/lab3/fec_saylinx_board_top.v Line: 27
    Warning (13410): Pin "GPIO_0_out_zero_value[5]" is stuck at GND File: C:/Schema/lab3/fec_saylinx_board_top.v Line: 27
    Warning (13410): Pin "GPIO_0_out_zero_value[6]" is stuck at GND File: C:/Schema/lab3/fec_saylinx_board_top.v Line: 27
    Warning (13410): Pin "GPIO_0_out_zero_value[7]" is stuck at GND File: C:/Schema/lab3/fec_saylinx_board_top.v Line: 27
    Warning (13410): Pin "GPIO_0_out_zero_value[8]" is stuck at GND File: C:/Schema/lab3/fec_saylinx_board_top.v Line: 27
    Warning (13410): Pin "GPIO_0_out_zero_value[9]" is stuck at GND File: C:/Schema/lab3/fec_saylinx_board_top.v Line: 27
    Warning (13410): Pin "GPIO_0_out_zero_value[10]" is stuck at GND File: C:/Schema/lab3/fec_saylinx_board_top.v Line: 27
    Warning (13410): Pin "GPIO_0_out_zero_value[11]" is stuck at GND File: C:/Schema/lab3/fec_saylinx_board_top.v Line: 27
    Warning (13410): Pin "GPIO_0_out_zero_value[12]" is stuck at GND File: C:/Schema/lab3/fec_saylinx_board_top.v Line: 27
    Warning (13410): Pin "GPIO_0_out_zero_value[13]" is stuck at GND File: C:/Schema/lab3/fec_saylinx_board_top.v Line: 27
    Warning (13410): Pin "GPIO_0_out_zero_value[14]" is stuck at GND File: C:/Schema/lab3/fec_saylinx_board_top.v Line: 27
    Warning (13410): Pin "GPIO_0_out_zero_value[15]" is stuck at GND File: C:/Schema/lab3/fec_saylinx_board_top.v Line: 27
    Warning (13410): Pin "GPIO_0_out_zero_value[16]" is stuck at GND File: C:/Schema/lab3/fec_saylinx_board_top.v Line: 27
    Warning (13410): Pin "GPIO_1_out_zero_value[0]" is stuck at GND File: C:/Schema/lab3/fec_saylinx_board_top.v Line: 30
    Warning (13410): Pin "GPIO_1_out_zero_value[1]" is stuck at GND File: C:/Schema/lab3/fec_saylinx_board_top.v Line: 30
    Warning (13410): Pin "GPIO_1_out_zero_value[2]" is stuck at GND File: C:/Schema/lab3/fec_saylinx_board_top.v Line: 30
    Warning (13410): Pin "GPIO_1_out_zero_value[3]" is stuck at GND File: C:/Schema/lab3/fec_saylinx_board_top.v Line: 30
    Warning (13410): Pin "GPIO_1_out_zero_value[4]" is stuck at GND File: C:/Schema/lab3/fec_saylinx_board_top.v Line: 30
    Warning (13410): Pin "GPIO_1_out_zero_value[5]" is stuck at GND File: C:/Schema/lab3/fec_saylinx_board_top.v Line: 30
    Warning (13410): Pin "GPIO_1_out_zero_value[6]" is stuck at GND File: C:/Schema/lab3/fec_saylinx_board_top.v Line: 30
    Warning (13410): Pin "GPIO_1_out_zero_value[7]" is stuck at GND File: C:/Schema/lab3/fec_saylinx_board_top.v Line: 30
    Warning (13410): Pin "GPIO_1_out_zero_value[8]" is stuck at GND File: C:/Schema/lab3/fec_saylinx_board_top.v Line: 30
    Warning (13410): Pin "GPIO_1_out_zero_value[9]" is stuck at GND File: C:/Schema/lab3/fec_saylinx_board_top.v Line: 30
    Warning (13410): Pin "GPIO_1_out_zero_value[10]" is stuck at GND File: C:/Schema/lab3/fec_saylinx_board_top.v Line: 30
    Warning (13410): Pin "GPIO_1_out_zero_value[11]" is stuck at GND File: C:/Schema/lab3/fec_saylinx_board_top.v Line: 30
    Warning (13410): Pin "GPIO_1_out_zero_value[12]" is stuck at GND File: C:/Schema/lab3/fec_saylinx_board_top.v Line: 30
    Warning (13410): Pin "GPIO_1_out_zero_value[13]" is stuck at GND File: C:/Schema/lab3/fec_saylinx_board_top.v Line: 30
    Warning (13410): Pin "GPIO_1_out_zero_value[14]" is stuck at GND File: C:/Schema/lab3/fec_saylinx_board_top.v Line: 30
    Warning (13410): Pin "GPIO_1_out_zero_value[15]" is stuck at GND File: C:/Schema/lab3/fec_saylinx_board_top.v Line: 30
    Warning (13410): Pin "GPIO_1_out_zero_value[16]" is stuck at GND File: C:/Schema/lab3/fec_saylinx_board_top.v Line: 30
Info (286030): Timing-Driven Synthesis is running
Info (17049): 5 registers lost all their fanouts during netlist optimizations.
Info (144001): Generated suppressed messages file C:/Schema/lab3/output_files/fec_saylinx_board_top.map.smsg
Info (16010): Generating hard_block partition "hard_block:auto_generated_inst"
    Info (16011): Adding 0 node(s), including 0 DDIO, 0 PLL, 0 transceiver and 0 LCELL
Warning (21074): Design contains 18 input pin(s) that do not drive logic
    Warning (15610): No output dependent on input pin "GPIO_0_input_pullup[16]" File: C:/Schema/lab3/fec_saylinx_board_top.v Line: 28
    Warning (15610): No output dependent on input pin "GPIO_1_input_pullup[0]" File: C:/Schema/lab3/fec_saylinx_board_top.v Line: 32
    Warning (15610): No output dependent on input pin "GPIO_1_input_pullup[1]" File: C:/Schema/lab3/fec_saylinx_board_top.v Line: 32
    Warning (15610): No output dependent on input pin "GPIO_1_input_pullup[2]" File: C:/Schema/lab3/fec_saylinx_board_top.v Line: 32
    Warning (15610): No output dependent on input pin "GPIO_1_input_pullup[3]" File: C:/Schema/lab3/fec_saylinx_board_top.v Line: 32
    Warning (15610): No output dependent on input pin "GPIO_1_input_pullup[4]" File: C:/Schema/lab3/fec_saylinx_board_top.v Line: 32
    Warning (15610): No output dependent on input pin "GPIO_1_input_pullup[5]" File: C:/Schema/lab3/fec_saylinx_board_top.v Line: 32
    Warning (15610): No output dependent on input pin "GPIO_1_input_pullup[6]" File: C:/Schema/lab3/fec_saylinx_board_top.v Line: 32
    Warning (15610): No output dependent on input pin "GPIO_1_input_pullup[7]" File: C:/Schema/lab3/fec_saylinx_board_top.v Line: 32
    Warning (15610): No output dependent on input pin "GPIO_1_input_pullup[8]" File: C:/Schema/lab3/fec_saylinx_board_top.v Line: 32
    Warning (15610): No output dependent on input pin "GPIO_1_input_pullup[9]" File: C:/Schema/lab3/fec_saylinx_board_top.v Line: 32
    Warning (15610): No output dependent on input pin "GPIO_1_input_pullup[10]" File: C:/Schema/lab3/fec_saylinx_board_top.v Line: 32
    Warning (15610): No output dependent on input pin "GPIO_1_input_pullup[11]" File: C:/Schema/lab3/fec_saylinx_board_top.v Line: 32
    Warning (15610): No output dependent on input pin "GPIO_1_input_pullup[12]" File: C:/Schema/lab3/fec_saylinx_board_top.v Line: 32
    Warning (15610): No output dependent on input pin "GPIO_1_input_pullup[13]" File: C:/Schema/lab3/fec_saylinx_board_top.v Line: 32
    Warning (15610): No output dependent on input pin "GPIO_1_input_pullup[14]" File: C:/Schema/lab3/fec_saylinx_board_top.v Line: 32
    Warning (15610): No output dependent on input pin "GPIO_1_input_pullup[15]" File: C:/Schema/lab3/fec_saylinx_board_top.v Line: 32
    Warning (15610): No output dependent on input pin "GPIO_1_input_pullup[16]" File: C:/Schema/lab3/fec_saylinx_board_top.v Line: 32
Info (21057): Implemented 1036 device resources after synthesis - the final resource count might be different
    Info (21058): Implemented 39 input pins
    Info (21059): Implemented 54 output pins
    Info (21061): Implemented 941 logic cells
    Info (21062): Implemented 2 DSP elements
Info: Quartus Prime Analysis & Synthesis was successful. 0 errors, 71 warnings
    Info: Peak virtual memory: 4880 megabytes
    Info: Processing ended: Wed Dec 10 17:15:26 2025
    Info: Elapsed time: 00:00:13
    Info: Total CPU time (on all processors): 00:00:31


+------------------------------------------+
; Analysis & Synthesis Suppressed Messages ;
+------------------------------------------+
The suppressed messages can be found in C:/Schema/lab3/output_files/fec_saylinx_board_top.map.smsg.


